Archive member included to satisfy reference by file (symbol)

c:/Users/scott/OneDrive/Desktop/RLPVSLI/UART/build/PeriphDriver/PeriphDriver.a(uart.o)
                              c:/Users/scott/OneDrive/Desktop/RLPVSLI/UART/build/main.o (UART_Init)
c:/Users/scott/OneDrive/Desktop/RLPVSLI/UART/build/PeriphDriver/PeriphDriver.a(gpio.o)
                              c:/Users/scott/OneDrive/Desktop/RLPVSLI/UART/build/led.o (GPIO_Config)
c:/Users/scott/OneDrive/Desktop/RLPVSLI/UART/build/PeriphDriver/PeriphDriver.a(mxc_delay.o)
                              c:/Users/scott/OneDrive/Desktop/RLPVSLI/UART/build/rom_stub.o (SysTick_Handler)
c:/Users/scott/OneDrive/Desktop/RLPVSLI/UART/build/PeriphDriver/PeriphDriver.a(mxc_lock.o)
                              c:/Users/scott/OneDrive/Desktop/RLPVSLI/UART/build/PeriphDriver/PeriphDriver.a(uart.o) (mxc_get_lock)
c:/Users/scott/OneDrive/Desktop/RLPVSLI/UART/build/PeriphDriver/PeriphDriver.a(mxc_sys.o)
                              c:/Users/scott/OneDrive/Desktop/RLPVSLI/UART/build/system_max32660.o (SYS_Clock_Select)
c:/Users/scott/OneDrive/Desktop/RLPVSLI/UART/build/PeriphDriver/PeriphDriver.a(mxc_pins.o)
                              c:/Users/scott/OneDrive/Desktop/RLPVSLI/UART/build/PeriphDriver/PeriphDriver.a(mxc_sys.o) (gpio_cfg_rtc)
c:/Users/scott/OneDrive/Desktop/RLPVSLI/UART/build/PeriphDriver/PeriphDriver.a(rtc.o)
                              c:/Users/scott/OneDrive/Desktop/RLPVSLI/UART/build/PeriphDriver/PeriphDriver.a(mxc_sys.o) (RTC_EnableRTCE)
c:/maxim/toolchain/bin/../lib/gcc/arm-none-eabi/6.3.1/../../../../arm-none-eabi/lib/thumb/v7e-m/fpv4-sp/hard\libc.a(lib_a-errno.o)
                              c:/Users/scott/OneDrive/Desktop/RLPVSLI/UART/build/stdio.o (__errno)
c:/maxim/toolchain/bin/../lib/gcc/arm-none-eabi/6.3.1/../../../../arm-none-eabi/lib/thumb/v7e-m/fpv4-sp/hard\libc.a(lib_a-exit.o)
                              c:/maxim/toolchain/bin/../lib/gcc/arm-none-eabi/6.3.1/../../../../arm-none-eabi/lib/thumb/v7e-m/fpv4-sp/hard/crt0.o (exit)
c:/maxim/toolchain/bin/../lib/gcc/arm-none-eabi/6.3.1/../../../../arm-none-eabi/lib/thumb/v7e-m/fpv4-sp/hard\libc.a(lib_a-impure.o)
                              c:/maxim/toolchain/bin/../lib/gcc/arm-none-eabi/6.3.1/../../../../arm-none-eabi/lib/thumb/v7e-m/fpv4-sp/hard\libc.a(lib_a-exit.o) (_global_impure_ptr)
c:/maxim/toolchain/bin/../lib/gcc/arm-none-eabi/6.3.1/../../../../arm-none-eabi/lib/thumb/v7e-m/fpv4-sp/hard\libc.a(lib_a-init.o)
                              c:/maxim/toolchain/bin/../lib/gcc/arm-none-eabi/6.3.1/../../../../arm-none-eabi/lib/thumb/v7e-m/fpv4-sp/hard/crt0.o (__libc_init_array)
c:/maxim/toolchain/bin/../lib/gcc/arm-none-eabi/6.3.1/../../../../arm-none-eabi/lib/thumb/v7e-m/fpv4-sp/hard\libc.a(lib_a-memcpy.o)
                              c:/Users/scott/OneDrive/Desktop/RLPVSLI/UART/build/main.o (memcpy)
c:/maxim/toolchain/bin/../lib/gcc/arm-none-eabi/6.3.1/../../../../arm-none-eabi/lib/thumb/v7e-m/fpv4-sp/hard\libc.a(lib_a-memset.o)
                              c:/maxim/toolchain/bin/../lib/gcc/arm-none-eabi/6.3.1/../../../../arm-none-eabi/lib/thumb/v7e-m/fpv4-sp/hard/crt0.o (memset)
c:/maxim/toolchain/bin/../lib/gcc/arm-none-eabi/6.3.1/../../../../arm-none-eabi/lib/thumb/v7e-m/fpv4-sp/hard\libc.a(lib_a-printf.o)
                              c:/Users/scott/OneDrive/Desktop/RLPVSLI/UART/build/main.o (printf)
c:/maxim/toolchain/bin/../lib/gcc/arm-none-eabi/6.3.1/../../../../arm-none-eabi/lib/thumb/v7e-m/fpv4-sp/hard\libc.a(lib_a-putchar.o)
                              c:/Users/scott/OneDrive/Desktop/RLPVSLI/UART/build/main.o (putchar)
c:/maxim/toolchain/bin/../lib/gcc/arm-none-eabi/6.3.1/../../../../arm-none-eabi/lib/thumb/v7e-m/fpv4-sp/hard\libc.a(lib_a-puts.o)
                              c:/Users/scott/OneDrive/Desktop/RLPVSLI/UART/build/main.o (puts)
c:/maxim/toolchain/bin/../lib/gcc/arm-none-eabi/6.3.1/../../../../arm-none-eabi/lib/thumb/v7e-m/fpv4-sp/hard\libc.a(lib_a-strlen.o)
                              c:/maxim/toolchain/bin/../lib/gcc/arm-none-eabi/6.3.1/../../../../arm-none-eabi/lib/thumb/v7e-m/fpv4-sp/hard\libc.a(lib_a-puts.o) (strlen)
c:/maxim/toolchain/bin/../lib/gcc/arm-none-eabi/6.3.1/../../../../arm-none-eabi/lib/thumb/v7e-m/fpv4-sp/hard\libc.a(lib_a-vfprintf.o)
                              c:/maxim/toolchain/bin/../lib/gcc/arm-none-eabi/6.3.1/../../../../arm-none-eabi/lib/thumb/v7e-m/fpv4-sp/hard\libc.a(lib_a-printf.o) (_vfprintf_r)
c:/maxim/toolchain/bin/../lib/gcc/arm-none-eabi/6.3.1/../../../../arm-none-eabi/lib/thumb/v7e-m/fpv4-sp/hard\libc.a(lib_a-wsetup.o)
                              c:/maxim/toolchain/bin/../lib/gcc/arm-none-eabi/6.3.1/../../../../arm-none-eabi/lib/thumb/v7e-m/fpv4-sp/hard\libc.a(lib_a-vfprintf.o) (__swsetup_r)
c:/maxim/toolchain/bin/../lib/gcc/arm-none-eabi/6.3.1/../../../../arm-none-eabi/lib/thumb/v7e-m/fpv4-sp/hard\libc.a(lib_a-__call_atexit.o)
[...]
Memory Configuration

Name             Origin             Length             Attributes
FLASH            0x00000000         0x00040000         xr
SRAM             0x20000000         0x00018000         xrw
*default*        0x00000000         0xffffffff

Linker script and memory map

LOAD c:/maxim/toolchain/bin/../lib/gcc/arm-none-eabi/6.3.1/thumb/v7e-m/fpv4-sp/hard/crti.o
LOAD c:/maxim/toolchain/bin/../lib/gcc/arm-none-eabi/6.3.1/thumb/v7e-m/fpv4-sp/hard/crtbegin.o
LOAD c:/maxim/toolchain/bin/../lib/gcc/arm-none-eabi/6.3.1/../../../../arm-none-eabi/lib/thumb/v7e-m/fpv4-sp/hard/crt0.o
LOAD c:/Users/scott/OneDrive/Desktop/RLPVSLI/UART/build/main.o
LOAD c:/Users/scott/OneDrive/Desktop/RLPVSLI/UART/build/board.o
LOAD c:/Users/scott/OneDrive/Desktop/RLPVSLI/UART/build/stdio.o
LOAD c:/Users/scott/OneDrive/Desktop/RLPVSLI/UART/build/led.o
LOAD c:/Users/scott/OneDrive/Desktop/RLPVSLI/UART/build/pb.o
LOAD c:/Users/scott/OneDrive/Desktop/RLPVSLI/UART/build/rom_stub.o
LOAD c:/Users/scott/OneDrive/Desktop/RLPVSLI/UART/build/startup_max32660.o
LOAD c:/Users/scott/OneDrive/Desktop/RLPVSLI/UART/build/heap.o
LOAD c:/Users/scott/OneDrive/Desktop/RLPVSLI/UART/build/system_max32660.o
START GROUP
LOAD c:/Users/scott/OneDrive/Desktop/RLPVSLI/UART/build/PeriphDriver/PeriphDriver.a
LOAD c:/maxim/toolchain/bin/../lib/gcc/arm-none-eabi/6.3.1/../../../../arm-none-eabi/lib/thumb/v7e-m/fpv4-sp/hard\libc.a
LOAD c:/maxim/toolchain/bin/../lib/gcc/arm-none-eabi/6.3.1/../../../../arm-none-eabi/lib/thumb/v7e-m/fpv4-sp/hard\libm.a
LOAD c:/maxim/toolchain/bin/../lib/gcc/arm-none-eabi/6.3.1/../../../../arm-none-eabi/lib/thumb/v7e-m/fpv4-sp/hard\libnosys.a
END GROUP
START GROUP
LOAD c:/maxim/toolchain/bin/../lib/gcc/arm-none-eabi/6.3.1/thumb/v7e-m/fpv4-sp/hard\libgcc.a
LOAD c:/maxim/toolchain/bin/../lib/gcc/arm-none-eabi/6.3.1/../../../../arm-none-eabi/lib/thumb/v7e-m/fpv4-sp/hard\libc.a
END GROUP
LOAD c:/maxim/toolchain/bin/../lib/gcc/arm-none-eabi/6.3.1/thumb/v7e-m/fpv4-sp/hard/crtend.o
LOAD c:/maxim/toolchain/bin/../lib/gcc/arm-none-eabi/6.3.1/thumb/v7e-m/fpv4-sp/hard/crtn.o

.text           0x00000000     0x7c50
                0x00000000                _text = .
 *(.isr_vector)
 .isr_vector    0x00000000      0x11c c:/Users/scott/OneDrive/Desktop/RLPVSLI/UART/build/startup_max32660.o
                0x00000000                __isr_vector
 *(.text*)
 .text          0x0000011c       0x6c c:/maxim/toolchain/bin/../lib/gcc/arm-none-eabi/6.3.1/thumb/v7e-m/fpv4-sp/hard/crtbegin.o
 .text.write_cb
                0x00000188       0x18 c:/Users/scott/OneDrive/Desktop/RLPVSLI/UART/build/main.o
                0x00000188                write_cb
 .text.UART0_IRQHandler
                0x000001a0       0x10 c:/Users/scott/OneDrive/Desktop/RLPVSLI/UART/build/main.o
                0x000001a0                UART0_IRQHandler
 .text.main     0x000001b0      0x1dc c:/Users/scott/OneDrive/Desktop/RLPVSLI/UART/build/main.o
                0x000001b0                main
 .text.mxc_assert
                0x0000038c       0x10 c:/Users/scott/OneDrive/Desktop/RLPVSLI/UART/build/board.o
                0x0000038c                mxc_assert
 .text.Console_Init
                0x0000039c       0x1c c:/Users/scott/OneDrive/Desktop/RLPVSLI/UART/build/board.o
                0x0000039c                Console_Init
 .text.Board_Init
                0x000003b8       0x6c c:/Users/scott/OneDrive/Desktop/RLPVSLI/UART/build/board.o
                0x000003b8                Board_Init
 .text.NMI_Handler
                0x00000424        0x4 c:/Users/scott/OneDrive/Desktop/RLPVSLI/UART/build/board.o
                0x00000424                NMI_Handler
 .text._close   0x00000428        0x6 c:/Users/scott/OneDrive/Desktop/RLPVSLI/UART/build/stdio.o
                0x00000428                _close
 .text._isatty  0x0000042e        0x6 c:/Users/scott/OneDrive/Desktop/RLPVSLI/UART/build/stdio.o
                0x0000042e                _isatty
 .text._lseek   0x00000434        0x6 c:/Users/scott/OneDrive/Desktop/RLPVSLI/UART/build/stdio.o
                0x00000434                _lseek
 .text._fstat   0x0000043a        0x6 c:/Users/scott/OneDrive/Desktop/RLPVSLI/UART/build/stdio.o
                0x0000043a                _fstat
 .text._read    0x00000440       0x5c c:/Users/scott/OneDrive/Desktop/RLPVSLI/UART/build/stdio.o
                0x00000440                _read
 .text._write   0x0000049c       0x50 c:/Users/scott/OneDrive/Desktop/RLPVSLI/UART/build/stdio.o
                0x0000049c                _write
 .text.LED_Off  0x000004ec       0x38 c:/Users/scott/OneDrive/Desktop/RLPVSLI/UART/build/led.o
                0x000004ec                LED_Off
 .text.LED_Init
                0x00000524       0x3c c:/Users/scott/OneDrive/Desktop/RLPVSLI/UART/build/led.o
                0x00000524                LED_Init
 .text.PB_Init  0x00000560       0x34 c:/Users/scott/OneDrive/Desktop/RLPVSLI/UART/build/pb.o
                0x00000560                PB_Init
 .text.GPIO0_IRQHandler
                0x00000594        0xa c:/Users/scott/OneDrive/Desktop/RLPVSLI/UART/build/pb.o
                0x00000594                GPIO0_IRQHandler
 *fill*         0x0000059e        0x2 
 .text          0x000005a0       0xe4 c:/Users/scott/OneDrive/Desktop/RLPVSLI/UART/build/startup_max32660.o
                0x000005a0                Reset_Handler
                0x000005de                HardFault_Handler
                0x000005e0                MemManage_Handler
                0x000005e2                BusFault_Handler
                0x000005e4                UsageFault_Handler
                0x000005e6                SVC_Handler
                0x000005e8                DebugMon_Handler
                0x000005ea                PendSV_Handler
                0x000005ec                Default_Handler
                0x000005ee                PF_IRQHandler
                0x000005f0                WDT0_IRQHandler
                0x000005f2                RSV00_IRQHandler
                0x000005f4                RTC_IRQHandler
                0x000005f6                RSV1_IRQHandler
                0x000005f8                TMR0_IRQHandler
                0x000005fa                TMR1_IRQHandler
                0x000005fc                TMR2_IRQHandler
                0x000005fe                RSV02_IRQHandler
                0x00000600                RSV03_IRQHandler
                0x00000602                RSV04_IRQHandler
                0x00000604                RSV05_IRQHandler
                0x00000606                RSV06_IRQHandler
                0x00000608                I2C0_IRQHandler
                0x0000060c                UART1_IRQHandler
                0x0000060e                SPI0_IRQHandler
                0x00000610                SPI1_IRQHandler
                0x00000612                RSV07_IRQHandler
                0x00000614                RSV08_IRQHandler
                0x00000616                RSV09_IRQHandler
                0x00000618                RSV10_IRQHandler
                0x0000061a                RSV11_IRQHandler
                0x0000061c                FLC_IRQHandler
                0x00000620                RSV12_IRQHandler
                0x00000622                RSV13_IRQHandler
                0x00000624                RSV14_IRQHandler
                0x00000626                DMA0_IRQHandler
                0x00000628                DMA1_IRQHandler
                0x0000062a                DMA2_IRQHandler
                0x0000062c                DMA3_IRQHandler
                0x0000062e                RSV15_IRQHandler
                0x00000630                RSV16_IRQHandler
                0x00000632                RSV17_IRQHandler
                0x00000634                RSV18_IRQHandler
                0x00000636                I2C1_IRQHandler
                0x00000638                RSV19_IRQHandler
                0x0000063a                RSV20_IRQHandler
                0x0000063c                RSV21_IRQHandler
                0x0000063e                RSV22_IRQHandler
                0x00000640                RSV23_IRQHandler
                0x00000642                RSV24_IRQHandler
                0x00000644                RSV25_IRQHandler
                0x00000646                RSV26_IRQHandler
                0x00000648                RSV27_IRQHandler
                0x0000064a                RSV28_IRQHandler
                0x0000064c                RSV29_IRQHandler
                0x0000064e                RSV30_IRQHandler
                0x00000650                RSV31_IRQHandler
                0x00000652                RSV32_IRQHandler
                0x00000654                RSV33_IRQHandler
                0x00000656                RSV34_IRQHandler
                0x00000658                RSV35_IRQHandler
                0x0000065a                GPIOWAKE_IRQHandler
 .text._sbrk    0x00000684       0x40 c:/Users/scott/OneDrive/Desktop/RLPVSLI/UART/build/heap.o
                0x00000684                _sbrk
 .text.SystemCoreClockUpdate
                0x000006c4       0x60 c:/Users/scott/OneDrive/Desktop/RLPVSLI/UART/build/system_max32660.o
                0x000006c4                SystemCoreClockUpdate
 .text.PreInit  0x00000724        0x4 c:/Users/scott/OneDrive/Desktop/RLPVSLI/UART/build/system_max32660.o
                0x00000724                PreInit
 .text.SystemInit
                0x00000728       0x8c c:/Users/scott/OneDrive/Desktop/RLPVSLI/UART/build/system_max32660.o
                0x00000728                SystemInit
 .text.UART_ReadHandler
                0x000007b4       0xbc c:/Users/scott/OneDrive/Desktop/RLPVSLI/UART/build/PeriphDriver/PeriphDriver.a(uart.o)
 .text.UART_Init
                0x00000870       0xac c:/Users/scott/OneDrive/Desktop/RLPVSLI/UART/build/PeriphDriver/PeriphDriver.a(uart.o)
                0x00000870                UART_Init
 .text.UART_ReadByte
                0x0000091c        0xe c:/Users/scott/OneDrive/Desktop/RLPVSLI/UART/build/PeriphDriver/PeriphDriver.a(uart.o)
                0x0000091c                UART_ReadByte
 .text.UART_WriteByte
                0x0000092a        0xc c:/Users/scott/OneDrive/Desktop/RLPVSLI/UART/build/PeriphDriver/PeriphDriver.a(uart.o)
                0x0000092a                UART_WriteByte
 .text.UART_NumWriteAvail
                0x00000936        0xc c:/Users/scott/OneDrive/Desktop/RLPVSLI/UART/build/PeriphDriver/PeriphDriver.a(uart.o)
                0x00000936                UART_NumWriteAvail
 *fill*         0x00000942        0x2 
 .text.UART_WriteHandler
                0x00000944       0x84 c:/Users/scott/OneDrive/Desktop/RLPVSLI/UART/build/PeriphDriver/PeriphDriver.a(uart.o)
 .text.UART_WriteAsync
                0x000009c8       0x8c c:/Users/scott/OneDrive/Desktop/RLPVSLI/UART/build/PeriphDriver/PeriphDriver.a(uart.o)
                0x000009c8                UART_WriteAsync
 .text.UART_Handler
                0x00000a54       0x58 c:/Users/scott/OneDrive/Desktop/RLPVSLI/UART/build/PeriphDriver/PeriphDriver.a(uart.o)
                0x00000a54                UART_Handler
 .text.GPIO_Config
                0x00000aac       0xfc c:/Users/scott/OneDrive/Desktop/RLPVSLI/UART/build/PeriphDriver/PeriphDriver.a(gpio.o)
                0x00000aac                GPIO_Config
 .text.GPIO_OutClr
                0x00000ba8       0x14 c:/Users/scott/OneDrive/Desktop/RLPVSLI/UART/build/PeriphDriver/PeriphDriver.a(gpio.o)
                0x00000ba8                GPIO_OutClr
 .text.GPIO_Handler
                0x00000bbc       0x58 c:/Users/scott/OneDrive/Desktop/RLPVSLI/UART/build/PeriphDriver/PeriphDriver.a(gpio.o)
                0x00000bbc                GPIO_Handler
 .text.mxc_delay_init
                0x00000c14       0x98 c:/Users/scott/OneDrive/Desktop/RLPVSLI/UART/build/PeriphDriver/PeriphDriver.a(mxc_delay.o)
 .text.mxc_delay_start
                0x00000cac       0x40 c:/Users/scott/OneDrive/Desktop/RLPVSLI/UART/build/PeriphDriver/PeriphDriver.a(mxc_delay.o)
                0x00000cac                mxc_delay_start
 .text.mxc_delay_stop
                0x00000cec       0x20 c:/Users/scott/OneDrive/Desktop/RLPVSLI/UART/build/PeriphDriver/PeriphDriver.a(mxc_delay.o)
                0x00000cec                mxc_delay_stop
 .text.mxc_delay_handler
                0x00000d0c       0x54 c:/Users/scott/OneDrive/Desktop/RLPVSLI/UART/build/PeriphDriver/PeriphDriver.a(mxc_delay.o)
                0x00000d0c                mxc_delay_handler
 .text.SysTick_Handler
                0x00000d60        0x8 c:/Users/scott/OneDrive/Desktop/RLPVSLI/UART/build/PeriphDriver/PeriphDriver.a(mxc_delay.o)
                0x00000d60                SysTick_Handler
 .text.mxc_delay_check
                0x00000d68       0x54 c:/Users/scott/OneDrive/Desktop/RLPVSLI/UART/build/PeriphDriver/PeriphDriver.a(mxc_delay.o)
                0x00000d68                mxc_delay_check
 .text.mxc_get_lock
                0x00000dbc       0x1c c:/Users/scott/OneDrive/Desktop/RLPVSLI/UART/build/PeriphDriver/PeriphDriver.a(mxc_lock.o)
                0x00000dbc                mxc_get_lock
 .text.mxc_free_lock
                0x00000dd8        0xa c:/Users/scott/OneDrive/Desktop/RLPVSLI/UART/build/PeriphDriver/PeriphDriver.a(mxc_lock.o)
                0x00000dd8                mxc_free_lock
 .text.SYS_Clock_Timeout
                0x00000de2       0x2a c:/Users/scott/OneDrive/Desktop/RLPVSLI/UART/build/PeriphDriver/PeriphDriver.a(mxc_sys.o)
 .text.SYS_Clock_Select
                0x00000e0c      0x208 c:/Users/scott/OneDrive/Desktop/RLPVSLI/UART/build/PeriphDriver/PeriphDriver.a(mxc_sys.o)
                0x00000e0c                SYS_Clock_Select
 .text.SYS_UART_Init
                0x00001014       0xa4 c:/Users/scott/OneDrive/Desktop/RLPVSLI/UART/build/PeriphDriver/PeriphDriver.a(mxc_sys.o)
                0x00001014                SYS_UART_Init
 .text.SYS_ClockDisable
                0x000010b8       0x22 c:/Users/scott/OneDrive/Desktop/RLPVSLI/UART/build/PeriphDriver/PeriphDriver.a(mxc_sys.o)
                0x000010b8                SYS_ClockDisable
 .text.SYS_ClockEnable
                0x000010da       0x26 c:/Users/scott/OneDrive/Desktop/RLPVSLI/UART/build/PeriphDriver/PeriphDriver.a(mxc_sys.o)
                0x000010da                SYS_ClockEnable
 .text.__errno  0x00001100        0xc c:/maxim/toolchain/bin/../lib/gcc/arm-none-eabi/6.3.1/../../../../arm-none-eabi/lib/thumb/v7e-m/fpv4-sp/hard\libc.a(lib_a-errno.o)
                0x00001100                __errno
 .text.__libc_init_array
                0x0000110c       0x50 c:/maxim/toolchain/bin/../lib/gcc/arm-none-eabi/6.3.1/../../../../arm-none-eabi/lib/thumb/v7e-m/fpv4-sp/hard\libc.a(lib_a-init.o)
                0x0000110c                __libc_init_array
 .text          0x0000115c      0x134 c:/maxim/toolchain/bin/../lib/gcc/arm-none-eabi/6.3.1/../../../../arm-none-eabi/lib/thumb/v7e-m/fpv4-sp/hard\libc.a(lib_a-memcpy.o)
                0x0000115c                memcpy
 .text.memset   0x00001290       0x9c c:/maxim/toolchain/bin/../lib/gcc/arm-none-eabi/6.3.1/../../../../arm-none-eabi/lib/thumb/v7e-m/fpv4-sp/hard\libc.a(lib_a-memset.o)
                0x00001290                memset
 .text.printf   0x0000132c       0x28 c:/maxim/toolchain/bin/../lib/gcc/arm-none-eabi/6.3.1/../../../../arm-none-eabi/lib/thumb/v7e-m/fpv4-sp/hard\libc.a(lib_a-printf.o)
                0x0000132c                printf
 .text.putchar  0x00001354       0x14 c:/maxim/toolchain/bin/../lib/gcc/arm-none-eabi/6.3.1/../../../../arm-none-eabi/lib/thumb/v7e-m/fpv4-sp/hard\libc.a(lib_a-putchar.o)
                0x00001354                putchar
 .text._puts_r  0x00001368       0x9c c:/maxim/toolchain/bin/../lib/gcc/arm-none-eabi/6.3.1/../../../../arm-none-eabi/lib/thumb/v7e-m/fpv4-sp/hard\libc.a(lib_a-puts.o)
                0x00001368                _puts_r
 .text.puts     0x00001404       0x10 c:/maxim/toolchain/bin/../lib/gcc/arm-none-eabi/6.3.1/../../../../arm-none-eabi/lib/thumb/v7e-m/fpv4-sp/hard\libc.a(lib_a-puts.o)
                0x00001404                puts
 *fill*         0x00001414       0x2c 
 .text          0x00001440       0xdc c:/maxim/toolchain/bin/../lib/gcc/arm-none-eabi/6.3.1/../../../../arm-none-eabi/lib/thumb/v7e-m/fpv4-sp/hard\libc.a(lib_a-strlen.o)
                0x00001440                strlen
 *fill*         0x0000151c        0x4 
 .text._vfprintf_r
                0x00001520     0x157c c:/maxim/toolchain/bin/../lib/gcc/arm-none-eabi/6.3.1/../../../../arm-none-eabi/lib/thumb/v7e-m/fpv4-sp/hard\libc.a(lib_a-vfprintf.o)
                0x00001520                _vfprintf_r
 .text.__sbprintf
                0x00002a9c       0x84 c:/maxim/toolchain/bin/../lib/gcc/arm-none-eabi/6.3.1/../../../../arm-none-eabi/lib/thumb/v7e-m/fpv4-sp/hard\libc.a(lib_a-vfprintf.o)
 .text.__swsetup_r
                0x00002b20       0xc8 c:/maxim/toolchain/bin/../lib/gcc/arm-none-eabi/6.3.1/../../../../arm-none-eabi/lib/thumb/v7e-m/fpv4-sp/hard\libc.a(lib_a-wsetup.o)
                0x00002b20                __swsetup_r
 .text.startup.register_fini
                0x00002be8       0x14 c:/maxim/toolchain/bin/../lib/gcc/arm-none-eabi/6.3.1/../../../../arm-none-eabi/lib/thumb/v7e-m/fpv4-sp/hard\libc.a(lib_a-__call_atexit.o)
 .text.atexit   0x00002bfc        0xc c:/maxim/toolchain/bin/../lib/gcc/arm-none-eabi/6.3.1/../../../../arm-none-eabi/lib/thumb/v7e-m/fpv4-sp/hard\libc.a(lib_a-atexit.o)
                0x00002bfc                atexit
 .text.quorem   0x00002c08      0x128 c:/maxim/toolchain/bin/../lib/gcc/arm-none-eabi/6.3.1/../../../../arm-none-eabi/lib/thumb/v7e-m/fpv4-sp/hard\libc.a(lib_a-dtoa.o)
 .text._dtoa_r  0x00002d30      0xe4c c:/maxim/toolchain/bin/../lib/gcc/arm-none-eabi/6.3.1/../../../../arm-none-eabi/lib/thumb/v7e-m/fpv4-sp/hard\libc.a(lib_a-dtoa.o)
                0x00002d30                _dtoa_r
 .text.__sflush_r
                0x00003b7c      0x140 c:/maxim/toolchain/bin/../lib/gcc/arm-none-eabi/6.3.1/../../../../arm-none-eabi/lib/thumb/v7e-m/fpv4-sp/hard\libc.a(lib_a-fflush.o)
                0x00003b7c                __sflush_r
 .text._fflush_r
                0x00003cbc       0x54 c:/maxim/toolchain/bin/../lib/gcc/arm-none-eabi/6.3.1/../../../../arm-none-eabi/lib/thumb/v7e-m/fpv4-sp/hard\libc.a(lib_a-fflush.o)
                0x00003cbc                _fflush_r
 .text._cleanup_r
                0x00003d10        0xc c:/maxim/toolchain/bin/../lib/gcc/arm-none-eabi/6.3.1/../../../../arm-none-eabi/lib/thumb/v7e-m/fpv4-sp/hard\libc.a(lib_a-findfp.o)
                0x00003d10                _cleanup_r
 .text.std.isra.0
                0x00003d1c       0x50 c:/maxim/toolchain/bin/../lib/gcc/arm-none-eabi/6.3.1/../../../../arm-none-eabi/lib/thumb/v7e-m/fpv4-sp/hard\libc.a(lib_a-findfp.o)
 .text.__sinit  0x00003d6c       0x58 c:/maxim/toolchain/bin/../lib/gcc/arm-none-eabi/6.3.1/../../../../arm-none-eabi/lib/thumb/v7e-m/fpv4-sp/hard\libc.a(lib_a-findfp.o)
                0x00003d6c                __sinit
 .text.__sfp_lock_acquire
                0x00003dc4        0xc c:/maxim/toolchain/bin/../lib/gcc/arm-none-eabi/6.3.1/../../../../arm-none-eabi/lib/thumb/v7e-m/fpv4-sp/hard\libc.a(lib_a-findfp.o)
                0x00003dc4                __sfp_lock_acquire
 .text.__sfp_lock_release
                0x00003dd0        0xc c:/maxim/toolchain/bin/../lib/gcc/arm-none-eabi/6.3.1/../../../../arm-none-eabi/lib/thumb/v7e-m/fpv4-sp/hard\libc.a(lib_a-findfp.o)
                0x00003dd0                __sfp_lock_release
 .text.__libc_fini_array
                0x00003ddc       0x34 c:/maxim/toolchain/bin/../lib/gcc/arm-none-eabi/6.3.1/../../../../arm-none-eabi/lib/thumb/v7e-m/fpv4-sp/hard\libc.a(lib_a-fini.o)
                0x00003ddc                __libc_fini_array
 .text._malloc_trim_r
                0x00003e10       0xa0 c:/maxim/toolchain/bin/../lib/gcc/arm-none-eabi/6.3.1/../../../../arm-none-eabi/lib/thumb/v7e-m/fpv4-sp/hard\libc.a(lib_a-freer.o)
                0x00003e10                _malloc_trim_r
 .text._free_r  0x00003eb0      0x1cc c:/maxim/toolchain/bin/../lib/gcc/arm-none-eabi/6.3.1/../../../../arm-none-eabi/lib/thumb/v7e-m/fpv4-sp/hard\libc.a(lib_a-freer.o)
                0x00003eb0                _free_r
 .text.__sfvwrite_r
                0x0000407c      0x2f0 c:/maxim/toolchain/bin/../lib/gcc/arm-none-eabi/6.3.1/../../../../arm-none-eabi/lib/thumb/v7e-m/fpv4-sp/hard\libc.a(lib_a-fvwrite.o)
                0x0000407c                __sfvwrite_r
 .text._fwalk_reent
                0x0000436c       0x54 c:/maxim/toolchain/bin/../lib/gcc/arm-none-eabi/6.3.1/../../../../arm-none-eabi/lib/thumb/v7e-m/fpv4-sp/hard\libc.a(lib_a-fwalk.o)
                0x0000436c                _fwalk_reent
 .text._localeconv_r
                0x000043c0       0x1c c:/maxim/toolchain/bin/../lib/gcc/arm-none-eabi/6.3.1/../../../../arm-none-eabi/lib/thumb/v7e-m/fpv4-sp/hard\libc.a(lib_a-localeconv.o)
                0x000043c0                _localeconv_r
 .text.__retarget_lock_init_recursive
                0x000043dc        0x4 c:/maxim/toolchain/bin/../lib/gcc/arm-none-eabi/6.3.1/../../../../arm-none-eabi/lib/thumb/v7e-m/fpv4-sp/hard\libc.a(lib_a-lock.o)
                0x000043dc                __retarget_lock_init_recursive
 .text.__retarget_lock_close_recursive
                0x000043e0        0x4 c:/maxim/toolchain/bin/../lib/gcc/arm-none-eabi/6.3.1/../../../../arm-none-eabi/lib/thumb/v7e-m/fpv4-sp/hard\libc.a(lib_a-lock.o)
                0x000043e0                __retarget_lock_close_recursive
 .text.__retarget_lock_acquire_recursive
                0x000043e4        0x4 c:/maxim/toolchain/bin/../lib/gcc/arm-none-eabi/6.3.1/../../../../arm-none-eabi/lib/thumb/v7e-m/fpv4-sp/hard\libc.a(lib_a-lock.o)
                0x000043e4                __retarget_lock_acquire_recursive
 .text.__retarget_lock_release_recursive
                0x000043e8        0x4 c:/maxim/toolchain/bin/../lib/gcc/arm-none-eabi/6.3.1/../../../../arm-none-eabi/lib/thumb/v7e-m/fpv4-sp/hard\libc.a(lib_a-lock.o)
                0x000043e8                __retarget_lock_release_recursive
 .text.__swhatbuf_r
                0x000043ec       0x5c c:/maxim/toolchain/bin/../lib/gcc/arm-none-eabi/6.3.1/../../../../arm-none-eabi/lib/thumb/v7e-m/fpv4-sp/hard\libc.a(lib_a-makebuf.o)
                0x000043ec                __swhatbuf_r
 .text.__smakebuf_r
                0x00004448       0x94 c:/maxim/toolchain/bin/../lib/gcc/arm-none-eabi/6.3.1/../../../../arm-none-eabi/lib/thumb/v7e-m/fpv4-sp/hard\libc.a(lib_a-makebuf.o)
                0x00004448                __smakebuf_r
 .text._malloc_r
                0x000044dc      0x560 c:/maxim/toolchain/bin/../lib/gcc/arm-none-eabi/6.3.1/../../../../arm-none-eabi/lib/thumb/v7e-m/fpv4-sp/hard\libc.a(lib_a-mallocr.o)
                0x000044dc                _malloc_r
 *fill*         0x00004a3c        0x4 
 .text          0x00004a40       0xa0 c:/maxim/toolchain/bin/../lib/gcc/arm-none-eabi/6.3.1/../../../../arm-none-eabi/lib/thumb/v7e-m/fpv4-sp/hard\libc.a(lib_a-memchr.o)
                0x00004a40                memchr
 .text.memmove  0x00004ae0       0xc8 c:/maxim/toolchain/bin/../lib/gcc/arm-none-eabi/6.3.1/../../../../arm-none-eabi/lib/thumb/v7e-m/fpv4-sp/hard\libc.a(lib_a-memmove.o)
                0x00004ae0                memmove
 .text.__malloc_lock
                0x00004ba8        0xc c:/maxim/toolchain/bin/../lib/gcc/arm-none-eabi/6.3.1/../../../../arm-none-eabi/lib/thumb/v7e-m/fpv4-sp/hard\libc.a(lib_a-mlock.o)
                0x00004ba8                __malloc_lock
 .text.__malloc_unlock
                0x00004bb4        0xc c:/maxim/toolchain/bin/../lib/gcc/arm-none-eabi/6.3.1/../../../../arm-none-eabi/lib/thumb/v7e-m/fpv4-sp/hard\libc.a(lib_a-mlock.o)
                0x00004bb4                __malloc_unlock
 .text._Balloc  0x00004bc0       0x4c c:/maxim/toolchain/bin/../lib/gcc/arm-none-eabi/6.3.1/../../../../arm-none-eabi/lib/thumb/v7e-m/fpv4-sp/hard\libc.a(lib_a-mprec.o)
                0x00004bc0                _Balloc
 .text._Bfree   0x00004c0c       0x14 c:/maxim/toolchain/bin/../lib/gcc/arm-none-eabi/6.3.1/../../../../arm-none-eabi/lib/thumb/v7e-m/fpv4-sp/hard\libc.a(lib_a-mprec.o)
                0x00004c0c                _Bfree
 .text.__multadd
                0x00004c20       0x80 c:/maxim/toolchain/bin/../lib/gcc/arm-none-eabi/6.3.1/../../../../arm-none-eabi/lib/thumb/v7e-m/fpv4-sp/hard\libc.a(lib_a-mprec.o)
                0x00004c20                __multadd
 .text.__hi0bits
                0x00004ca0       0x40 c:/maxim/toolchain/bin/../lib/gcc/arm-none-eabi/6.3.1/../../../../arm-none-eabi/lib/thumb/v7e-m/fpv4-sp/hard\libc.a(lib_a-mprec.o)
                0x00004ca0                __hi0bits
 .text.__lo0bits
                0x00004ce0       0x60 c:/maxim/toolchain/bin/../lib/gcc/arm-none-eabi/6.3.1/../../../../arm-none-eabi/lib/thumb/v7e-m/fpv4-sp/hard\libc.a(lib_a-mprec.o)
                0x00004ce0                __lo0bits
 .text.__i2b    0x00004d40       0x14 c:/maxim/toolchain/bin/../lib/gcc/arm-none-eabi/6.3.1/../../../../arm-none-eabi/lib/thumb/v7e-m/fpv4-sp/hard\libc.a(lib_a-mprec.o)
                0x00004d40                __i2b
 .text.__multiply
                0x00004d54      0x124 c:/maxim/toolchain/bin/../lib/gcc/arm-none-eabi/6.3.1/../../../../arm-none-eabi/lib/thumb/v7e-m/fpv4-sp/hard\libc.a(lib_a-mprec.o)
                0x00004d54                __multiply
 .text.__pow5mult
                0x00004e78       0xa0 c:/maxim/toolchain/bin/../lib/gcc/arm-none-eabi/6.3.1/../../../../arm-none-eabi/lib/thumb/v7e-m/fpv4-sp/hard\libc.a(lib_a-mprec.o)
                0x00004e78                __pow5mult
 .text.__lshift
                0x00004f18       0xa4 c:/maxim/toolchain/bin/../lib/gcc/arm-none-eabi/6.3.1/../../../../arm-none-eabi/lib/thumb/v7e-m/fpv4-sp/hard\libc.a(lib_a-mprec.o)
                0x00004f18                __lshift
 .text.__mcmp   0x00004fbc       0x38 c:/maxim/toolchain/bin/../lib/gcc/arm-none-eabi/6.3.1/../../../../arm-none-eabi/lib/thumb/v7e-m/fpv4-sp/hard\libc.a(lib_a-mprec.o)
                0x00004fbc                __mcmp
 .text.__mdiff  0x00004ff4      0x108 c:/maxim/toolchain/bin/../lib/gcc/arm-none-eabi/6.3.1/../../../../arm-none-eabi/lib/thumb/v7e-m/fpv4-sp/hard\libc.a(lib_a-mprec.o)
                0x00004ff4                __mdiff
 .text.__d2b    0x000050fc       0xbc c:/maxim/toolchain/bin/../lib/gcc/arm-none-eabi/6.3.1/../../../../arm-none-eabi/lib/thumb/v7e-m/fpv4-sp/hard\libc.a(lib_a-mprec.o)
                0x000050fc                __d2b
 .text._putc_r  0x000051b8       0x70 c:/maxim/toolchain/bin/../lib/gcc/arm-none-eabi/6.3.1/../../../../arm-none-eabi/lib/thumb/v7e-m/fpv4-sp/hard\libc.a(lib_a-putc.o)
                0x000051b8                _putc_r
 .text._realloc_r
                0x00005228      0x34c c:/maxim/toolchain/bin/../lib/gcc/arm-none-eabi/6.3.1/../../../../arm-none-eabi/lib/thumb/v7e-m/fpv4-sp/hard\libc.a(lib_a-reallocr.o)
                0x00005228                _realloc_r
 .text._sbrk_r  0x00005574       0x24 c:/maxim/toolchain/bin/../lib/gcc/arm-none-eabi/6.3.1/../../../../arm-none-eabi/lib/thumb/v7e-m/fpv4-sp/hard\libc.a(lib_a-sbrkr.o)
                0x00005574                _sbrk_r
 .text.__sread  0x00005598       0x24 c:/maxim/toolchain/bin/../lib/gcc/arm-none-eabi/6.3.1/../../../../arm-none-eabi/lib/thumb/v7e-m/fpv4-sp/hard\libc.a(lib_a-stdio.o)
                0x00005598                __sread
 .text.__swrite
                0x000055bc       0x3c c:/maxim/toolchain/bin/../lib/gcc/arm-none-eabi/6.3.1/../../../../arm-none-eabi/lib/thumb/v7e-m/fpv4-sp/hard\libc.a(lib_a-stdio.o)
                0x000055bc                __swrite
 .text.__sseek  0x000055f8       0x20 c:/maxim/toolchain/bin/../lib/gcc/arm-none-eabi/6.3.1/../../../../arm-none-eabi/lib/thumb/v7e-m/fpv4-sp/hard\libc.a(lib_a-stdio.o)
                0x000055f8                __sseek
 .text.__sclose
                0x00005618        0x8 c:/maxim/toolchain/bin/../lib/gcc/arm-none-eabi/6.3.1/../../../../arm-none-eabi/lib/thumb/v7e-m/fpv4-sp/hard\libc.a(lib_a-stdio.o)
                0x00005618                __sclose
 .text.__sprint_r.part.0
                0x00005620       0x80 c:/maxim/toolchain/bin/../lib/gcc/arm-none-eabi/6.3.1/../../../../arm-none-eabi/lib/thumb/v7e-m/fpv4-sp/hard\libc.a(lib_a-vfiprintf.o)
 .text.__sprint_r
                0x000056a0       0x14 c:/maxim/toolchain/bin/../lib/gcc/arm-none-eabi/6.3.1/../../../../arm-none-eabi/lib/thumb/v7e-m/fpv4-sp/hard\libc.a(lib_a-vfiprintf.o)
                0x000056a0                __sprint_r
 .text.__swbuf_r
                0x000056b4       0xb0 c:/maxim/toolchain/bin/../lib/gcc/arm-none-eabi/6.3.1/../../../../arm-none-eabi/lib/thumb/v7e-m/fpv4-sp/hard\libc.a(lib_a-wbuf.o)
                0x000056b4                __swbuf_r
 .text._write_r
                0x00005764       0x2c c:/maxim/toolchain/bin/../lib/gcc/arm-none-eabi/6.3.1/../../../../arm-none-eabi/lib/thumb/v7e-m/fpv4-sp/hard\libc.a(lib_a-writer.o)
                0x00005764                _write_r
 .text.__register_exitproc
                0x00005790       0xc4 c:/maxim/toolchain/bin/../lib/gcc/arm-none-eabi/6.3.1/../../../../arm-none-eabi/lib/thumb/v7e-m/fpv4-sp/hard\libc.a(lib_a-__atexit.o)
                0x00005790                __register_exitproc
 .text._calloc_r
                0x00005854       0x60 c:/maxim/toolchain/bin/../lib/gcc/arm-none-eabi/6.3.1/../../../../arm-none-eabi/lib/thumb/v7e-m/fpv4-sp/hard\libc.a(lib_a-callocr.o)
                0x00005854                _calloc_r
 .text._close_r
                0x000058b4       0x24 c:/maxim/toolchain/bin/../lib/gcc/arm-none-eabi/6.3.1/../../../../arm-none-eabi/lib/thumb/v7e-m/fpv4-sp/hard\libc.a(lib_a-closer.o)
                0x000058b4                _close_r
 .text._fclose_r
                0x000058d8       0xc4 c:/maxim/toolchain/bin/../lib/gcc/arm-none-eabi/6.3.1/../../../../arm-none-eabi/lib/thumb/v7e-m/fpv4-sp/hard\libc.a(lib_a-fclose.o)
                0x000058d8                _fclose_r
 .text.__fputwc
                0x0000599c       0xa0 c:/maxim/toolchain/bin/../lib/gcc/arm-none-eabi/6.3.1/../../../../arm-none-eabi/lib/thumb/v7e-m/fpv4-sp/hard\libc.a(lib_a-fputwc.o)
                0x0000599c                __fputwc
 .text._fputwc_r
                0x00005a3c       0x68 c:/maxim/toolchain/bin/../lib/gcc/arm-none-eabi/6.3.1/../../../../arm-none-eabi/lib/thumb/v7e-m/fpv4-sp/hard\libc.a(lib_a-fputwc.o)
                0x00005a3c                _fputwc_r
 .text._fstat_r
                0x00005aa4       0x28 c:/maxim/toolchain/bin/../lib/gcc/arm-none-eabi/6.3.1/../../../../arm-none-eabi/lib/thumb/v7e-m/fpv4-sp/hard\libc.a(lib_a-fstatr.o)
                0x00005aa4                _fstat_r
 .text._isatty_r
                0x00005acc       0x24 c:/maxim/toolchain/bin/../lib/gcc/arm-none-eabi/6.3.1/../../../../arm-none-eabi/lib/thumb/v7e-m/fpv4-sp/hard\libc.a(lib_a-isattyr.o)
                0x00005acc                _isatty_r
 .text.__locale_mb_cur_max
                0x00005af0       0x1c c:/maxim/toolchain/bin/../lib/gcc/arm-none-eabi/6.3.1/../../../../arm-none-eabi/lib/thumb/v7e-m/fpv4-sp/hard\libc.a(lib_a-locale.o)
                0x00005af0                __locale_mb_cur_max
 .text._lseek_r
                0x00005b0c       0x2c c:/maxim/toolchain/bin/../lib/gcc/arm-none-eabi/6.3.1/../../../../arm-none-eabi/lib/thumb/v7e-m/fpv4-sp/hard\libc.a(lib_a-lseekr.o)
                0x00005b0c                _lseek_r
 .text.__ascii_mbtowc
                0x00005b38       0x2c c:/maxim/toolchain/bin/../lib/gcc/arm-none-eabi/6.3.1/../../../../arm-none-eabi/lib/thumb/v7e-m/fpv4-sp/hard\libc.a(lib_a-mbtowc_r.o)
                0x00005b38                __ascii_mbtowc
 .text._read_r  0x00005b64       0x2c c:/maxim/toolchain/bin/../lib/gcc/arm-none-eabi/6.3.1/../../../../arm-none-eabi/lib/thumb/v7e-m/fpv4-sp/hard\libc.a(lib_a-readr.o)
                0x00005b64                _read_r
 .text._wcrtomb_r
                0x00005b90       0x54 c:/maxim/toolchain/bin/../lib/gcc/arm-none-eabi/6.3.1/../../../../arm-none-eabi/lib/thumb/v7e-m/fpv4-sp/hard\libc.a(lib_a-wcrtomb.o)
                0x00005b90                _wcrtomb_r
 .text.__ascii_wctomb
                0x00005be4       0x1c c:/maxim/toolchain/bin/../lib/gcc/arm-none-eabi/6.3.1/../../../../arm-none-eabi/lib/thumb/v7e-m/fpv4-sp/hard\libc.a(lib_a-wctomb_r.o)
                0x00005be4                __ascii_wctomb
 .text          0x00005c00      0x370 c:/maxim/toolchain/bin/../lib/gcc/arm-none-eabi/6.3.1/thumb/v7e-m/fpv4-sp/hard\libgcc.a(_arm_addsubdf3.o)
                0x00005c00                __aeabi_drsub
                0x00005c08                __aeabi_dsub
                0x00005c08                __subdf3
                0x00005c0c                __aeabi_dadd
                0x00005c0c                __adddf3
                0x00005e84                __floatunsidf
                0x00005e84                __aeabi_ui2d
                0x00005ea4                __floatsidf
                0x00005ea4                __aeabi_i2d
                0x00005ec8                __aeabi_f2d
                0x00005ec8                __extendsfdf2
                0x00005f04                __floatundidf
                0x00005f04                __aeabi_ul2d
                0x00005f14                __floatdidf
                0x00005f14                __aeabi_l2d
 .text          0x00005f70      0x424 c:/maxim/toolchain/bin/../lib/gcc/arm-none-eabi/6.3.1/thumb/v7e-m/fpv4-sp/hard\libgcc.a(_arm_muldivdf3.o)
                0x00005f70                __aeabi_dmul
                0x00005f70                __muldf3
                0x000061c4                __divdf3
                0x000061c4                __aeabi_ddiv
 .text          0x00006394      0x110 c:/maxim/toolchain/bin/../lib/gcc/arm-none-eabi/6.3.1/thumb/v7e-m/fpv4-sp/hard\libgcc.a(_arm_cmpdf2.o)
                0x00006394                __gtdf2
                0x00006394                __gedf2
                0x0000639c                __ltdf2
                0x0000639c                __ledf2
                0x000063a4                __nedf2
                0x000063a4                __eqdf2
                0x000063a4                __cmpdf2
                0x00006420                __aeabi_cdrcmple
                0x00006430                __aeabi_cdcmpeq
                0x00006430                __aeabi_cdcmple
                0x00006440                __aeabi_dcmpeq
                0x00006454                __aeabi_dcmplt
                0x00006468                __aeabi_dcmple
                0x0000647c                __aeabi_dcmpge
                0x00006490                __aeabi_dcmpgt
 .text          0x000064a4       0x2c c:/maxim/toolchain/bin/../lib/gcc/arm-none-eabi/6.3.1/thumb/v7e-m/fpv4-sp/hard\libgcc.a(_arm_unorddf2.o)
                0x000064a4                __unorddf2
                0x000064a4                __aeabi_dcmpun
 .text          0x000064d0       0x50 c:/maxim/toolchain/bin/../lib/gcc/arm-none-eabi/6.3.1/thumb/v7e-m/fpv4-sp/hard\libgcc.a(_arm_fixdfsi.o)
                0x000064d0                __aeabi_d2iz
                0x000064d0                __fixdfsi
 .text          0x00006520       0x30 c:/maxim/toolchain/bin/../lib/gcc/arm-none-eabi/6.3.1/thumb/v7e-m/fpv4-sp/hard\libgcc.a(_aeabi_uldivmod.o)
                0x00006520                __aeabi_uldivmod
 .text          0x00006550      0x2dc c:/maxim/toolchain/bin/../lib/gcc/arm-none-eabi/6.3.1/thumb/v7e-m/fpv4-sp/hard\libgcc.a(_udivmoddi4.o)
                0x00006550                __udivmoddi4
 .text          0x0000682c        0x4 c:/maxim/toolchain/bin/../lib/gcc/arm-none-eabi/6.3.1/thumb/v7e-m/fpv4-sp/hard\libgcc.a(_dvmd_tls.o)
                0x0000682c                __aeabi_idiv0
                0x0000682c                __aeabi_ldiv0
 *(.rodata*)
 .rodata        0x00006830      0xe55 c:/Users/scott/OneDrive/Desktop/RLPVSLI/UART/build/main.o
 *fill*         0x00007685        0x3 
 .rodata.main.str1.4
                0x00007688      0x18d c:/Users/scott/OneDrive/Desktop/RLPVSLI/UART/build/main.o
 *fill*         0x00007815        0x3 
 .rodata.write_cb.str1.4
                0x00007818       0x26 c:/Users/scott/OneDrive/Desktop/RLPVSLI/UART/build/main.o
 *fill*         0x0000783e        0x2 
 .rodata.Board_Init.str1.4
                0x00007840       0x49 c:/Users/scott/OneDrive/Desktop/RLPVSLI/UART/build/board.o
 *fill*         0x00007889        0x3 
 .rodata.console_uart_cfg
                0x0000788c       0x10 c:/Users/scott/OneDrive/Desktop/RLPVSLI/UART/build/board.o
                0x0000788c                console_uart_cfg
 .rodata.console_uart_sys_cfg
                0x0000789c        0x2 c:/Users/scott/OneDrive/Desktop/RLPVSLI/UART/build/board.o
                0x0000789c                console_uart_sys_cfg
 *fill*         0x0000789e        0x2 
 .rodata.led_pin
                0x000078a0        0xc c:/Users/scott/OneDrive/Desktop/RLPVSLI/UART/build/board.o
                0x000078a0                led_pin
 .rodata.mxc_assert.str1.4
                0x000078ac       0x19 c:/Users/scott/OneDrive/Desktop/RLPVSLI/UART/build/board.o
 *fill*         0x000078c5        0x3 
 .rodata.num_leds
                0x000078c8        0x4 c:/Users/scott/OneDrive/Desktop/RLPVSLI/UART/build/board.o
                0x000078c8                num_leds
 .rodata.num_pbs
                0x000078cc        0x4 c:/Users/scott/OneDrive/Desktop/RLPVSLI/UART/build/board.o
                0x000078cc                num_pbs
 .rodata.pb_pin
                0x000078d0        0xc c:/Users/scott/OneDrive/Desktop/RLPVSLI/UART/build/board.o
                0x000078d0                pb_pin
 .rodata.LED_On.str1.4
                0x000078dc       0x57 c:/Users/scott/OneDrive/Desktop/RLPVSLI/UART/build/led.o
 *fill*         0x00007933        0x1 
 .rodata.GPIO_Handler.str1.4
                0x00007934       0x2e c:/Users/scott/OneDrive/Desktop/RLPVSLI/UART/build/PeriphDriver/PeriphDriver.a(gpio.o)
 *fill*         0x00007962        0x2 
 .rodata.gpio_cfg_uart0a
                0x00007964        0xc c:/Users/scott/OneDrive/Desktop/RLPVSLI/UART/build/PeriphDriver/PeriphDriver.a(mxc_pins.o)
                0x00007964                gpio_cfg_uart0a
 .rodata.gpio_cfg_uart0rtscts
                0x00007970        0xc c:/Users/scott/OneDrive/Desktop/RLPVSLI/UART/build/PeriphDriver/PeriphDriver.a(mxc_pins.o)
                0x00007970                gpio_cfg_uart0rtscts
 .rodata.gpio_cfg_uart1a
                0x0000797c        0xc c:/Users/scott/OneDrive/Desktop/RLPVSLI/UART/build/PeriphDriver/PeriphDriver.a(mxc_pins.o)
                0x0000797c                gpio_cfg_uart1a
 .rodata.gpio_cfg_uart1b
                0x00007988        0xc c:/Users/scott/OneDrive/Desktop/RLPVSLI/UART/build/PeriphDriver/PeriphDriver.a(mxc_pins.o)
                0x00007988                gpio_cfg_uart1b
 .rodata.gpio_cfg_uart1c
                0x00007994        0xc c:/Users/scott/OneDrive/Desktop/RLPVSLI/UART/build/PeriphDriver/PeriphDriver.a(mxc_pins.o)
                0x00007994                gpio_cfg_uart1c
 .rodata.gpio_cfg_uart1rtscts
                0x000079a0        0xc c:/Users/scott/OneDrive/Desktop/RLPVSLI/UART/build/PeriphDriver/PeriphDriver.a(mxc_pins.o)
                0x000079a0                gpio_cfg_uart1rtscts
 .rodata._global_impure_ptr
                0x000079ac        0x4 c:/maxim/toolchain/bin/../lib/gcc/arm-none-eabi/6.3.1/../../../../arm-none-eabi/lib/thumb/v7e-m/fpv4-sp/hard\libc.a(lib_a-impure.o)
                0x000079ac                _global_impure_ptr
 .rodata._puts_r.str1.4
                0x000079b0       0x2e c:/maxim/toolchain/bin/../lib/gcc/arm-none-eabi/6.3.1/../../../../arm-none-eabi/lib/thumb/v7e-m/fpv4-sp/hard\libc.a(lib_a-puts.o)
                                  0x2 (size before relaxing)
 .rodata._vfprintf_r.str1.4
                0x000079b0       0x42 c:/maxim/toolchain/bin/../lib/gcc/arm-none-eabi/6.3.1/../../../../arm-none-eabi/lib/thumb/v7e-m/fpv4-sp/hard\libc.a(lib_a-vfprintf.o)
 *fill*         0x000079f2        0x2 
 .rodata.blanks.8366
                0x000079f4       0x10 c:/maxim/toolchain/bin/../lib/gcc/arm-none-eabi/6.3.1/../../../../arm-none-eabi/lib/thumb/v7e-m/fpv4-sp/hard\libc.a(lib_a-vfprintf.o)
 .rodata.zeroes.8367
                0x00007a04       0x10 c:/maxim/toolchain/bin/../lib/gcc/arm-none-eabi/6.3.1/../../../../arm-none-eabi/lib/thumb/v7e-m/fpv4-sp/hard\libc.a(lib_a-vfprintf.o)
 .rodata._dtoa_r.str1.4
                0x00007a14       0x10 c:/maxim/toolchain/bin/../lib/gcc/arm-none-eabi/6.3.1/../../../../arm-none-eabi/lib/thumb/v7e-m/fpv4-sp/hard\libc.a(lib_a-dtoa.o)
                                 0x12 (size before relaxing)
 *fill*         0x00007a24        0x4 
 .rodata.__mprec_bigtens
                0x00007a28       0x28 c:/maxim/toolchain/bin/../lib/gcc/arm-none-eabi/6.3.1/../../../../arm-none-eabi/lib/thumb/v7e-m/fpv4-sp/hard\libc.a(lib_a-mprec.o)
                0x00007a28                __mprec_bigtens
 .rodata.__mprec_tens
                0x00007a50       0xc8 c:/maxim/toolchain/bin/../lib/gcc/arm-none-eabi/6.3.1/../../../../arm-none-eabi/lib/thumb/v7e-m/fpv4-sp/hard\libc.a(lib_a-mprec.o)
                0x00007a50                __mprec_tens
 .rodata.p05.7183
                0x00007b18        0xc c:/maxim/toolchain/bin/../lib/gcc/arm-none-eabi/6.3.1/../../../../arm-none-eabi/lib/thumb/v7e-m/fpv4-sp/hard\libc.a(lib_a-mprec.o)
 .rodata._setlocale_r.str1.4
                0x00007b24        0xa c:/maxim/toolchain/bin/../lib/gcc/arm-none-eabi/6.3.1/../../../../arm-none-eabi/lib/thumb/v7e-m/fpv4-sp/hard\libc.a(lib_a-locale.o)
                                  0xd (size before relaxing)
 .rodata.str1.4
                0x00007b2e        0xc c:/maxim/toolchain/bin/../lib/gcc/arm-none-eabi/6.3.1/../../../../arm-none-eabi/lib/thumb/v7e-m/fpv4-sp/hard\libc.a(lib_a-locale.o)
                                  0x2 (size before relaxing)
 *fill*         0x00007b2e        0x2 
 .rodata._ctype_
                0x00007b30      0x101 c:/maxim/toolchain/bin/../lib/gcc/arm-none-eabi/6.3.1/../../../../arm-none-eabi/lib/thumb/v7e-m/fpv4-sp/hard\libc.a(lib_a-ctype_.o)
                0x00007b30                _ctype_
 *(.init)
 *fill*         0x00007c31        0x3 
 .init          0x00007c34        0x4 c:/maxim/toolchain/bin/../lib/gcc/arm-none-eabi/6.3.1/thumb/v7e-m/fpv4-sp/hard/crti.o
                0x00007c34                _init
 .init          0x00007c38        0x8 c:/maxim/toolchain/bin/../lib/gcc/arm-none-eabi/6.3.1/thumb/v7e-m/fpv4-sp/hard/crtn.o
 *(.fini)
 .fini          0x00007c40        0x4 c:/maxim/toolchain/bin/../lib/gcc/arm-none-eabi/6.3.1/thumb/v7e-m/fpv4-sp/hard/crti.o
                0x00007c40                _fini
 .fini          0x00007c44        0x8 c:/maxim/toolchain/bin/../lib/gcc/arm-none-eabi/6.3.1/thumb/v7e-m/fpv4-sp/hard/crtn.o
 *(.eh_frame*)
 .eh_frame      0x00007c4c        0x0 c:/maxim/toolchain/bin/../lib/gcc/arm-none-eabi/6.3.1/thumb/v7e-m/fpv4-sp/hard/crtbegin.o
 .eh_frame      0x00007c4c        0x4 c:/maxim/toolchain/bin/../lib/gcc/arm-none-eabi/6.3.1/thumb/v7e-m/fpv4-sp/hard/crtend.o
                0x00007c50                _etext = .

.glue_7         0x00007c50        0x0
 .glue_7        0x00007c50        0x0 linker stubs

.glue_7t        0x00007c50        0x0
 .glue_7t       0x00007c50        0x0 linker stubs

.vfp11_veneer   0x00007c50        0x0
 .vfp11_veneer  0x00007c50        0x0 linker stubs

.v4_bx          0x00007c50        0x0
 .v4_bx         0x00007c50        0x0 linker stubs

.iplt           0x00007c50        0x0
 .iplt          0x00007c50        0x0 c:/maxim/toolchain/bin/../lib/gcc/arm-none-eabi/6.3.1/thumb/v7e-m/fpv4-sp/hard/crtbegin.o

.ARM.exidx      0x00007c50        0x8
                0x00007c50                __exidx_start = .
 *(.ARM.exidx*)
 .ARM.exidx     0x00007c50        0x8 c:/maxim/toolchain/bin/../lib/gcc/arm-none-eabi/6.3.1/thumb/v7e-m/fpv4-sp/hard\libgcc.a(_udivmoddi4.o)
                0x00007c58                __exidx_end = .

.rel.dyn        0x00007c58        0x0
 .rel.iplt      0x00007c58        0x0 c:/maxim/toolchain/bin/../lib/gcc/arm-none-eabi/6.3.1/thumb/v7e-m/fpv4-sp/hard/crtbegin.o

.data           0x20000000      0x9c4 load address 0x00007c58
                0x20000000                _data = ALIGN (., 0x4)
 *(.data*)
 .data.ConsoleUART
                0x20000000        0x4 c:/Users/scott/OneDrive/Desktop/RLPVSLI/UART/build/board.o
                0x20000000                ConsoleUART
 .data.SystemCoreClock
                0x20000004        0x4 c:/Users/scott/OneDrive/Desktop/RLPVSLI/UART/build/system_max32660.o
                0x20000004                SystemCoreClock
 .data._impure_ptr
                0x20000008        0x4 c:/maxim/toolchain/bin/../lib/gcc/arm-none-eabi/6.3.1/../../../../arm-none-eabi/lib/thumb/v7e-m/fpv4-sp/hard\libc.a(lib_a-impure.o)
                0x20000008                _impure_ptr
 *fill*         0x2000000c        0x4 
 .data.impure_data
                0x20000010      0x428 c:/maxim/toolchain/bin/../lib/gcc/arm-none-eabi/6.3.1/../../../../arm-none-eabi/lib/thumb/v7e-m/fpv4-sp/hard\libc.a(lib_a-impure.o)
 .data.__atexit_recursive_mutex
                0x20000438        0x4 c:/maxim/toolchain/bin/../lib/gcc/arm-none-eabi/6.3.1/../../../../arm-none-eabi/lib/thumb/v7e-m/fpv4-sp/hard\libc.a(lib_a-__call_atexit.o)
                0x20000438                __atexit_recursive_mutex
 .data.__malloc_av_
                0x2000043c      0x408 c:/maxim/toolchain/bin/../lib/gcc/arm-none-eabi/6.3.1/../../../../arm-none-eabi/lib/thumb/v7e-m/fpv4-sp/hard\libc.a(lib_a-mallocr.o)
                0x2000043c                __malloc_av_
 .data.__malloc_sbrk_base
                0x20000844        0x4 c:/maxim/toolchain/bin/../lib/gcc/arm-none-eabi/6.3.1/../../../../arm-none-eabi/lib/thumb/v7e-m/fpv4-sp/hard\libc.a(lib_a-mallocr.o)
                0x20000844                __malloc_sbrk_base
 .data.__malloc_trim_threshold
                0x20000848        0x4 c:/maxim/toolchain/bin/../lib/gcc/arm-none-eabi/6.3.1/../../../../arm-none-eabi/lib/thumb/v7e-m/fpv4-sp/hard\libc.a(lib_a-mallocr.o)
                0x20000848                __malloc_trim_threshold
 .data.__global_locale
                0x2000084c      0x16c c:/maxim/toolchain/bin/../lib/gcc/arm-none-eabi/6.3.1/../../../../arm-none-eabi/lib/thumb/v7e-m/fpv4-sp/hard\libc.a(lib_a-locale.o)
                0x2000084c                __global_locale
 *(.spix_config*)
                0x200009b8                . = ALIGN (0x4)
                0x200009b8                PROVIDE (__preinit_array_start, .)
 *(.preinit_array)
                0x200009b8                PROVIDE (__preinit_array_end, .)
                0x200009b8                . = ALIGN (0x4)
                0x200009b8                PROVIDE (__init_array_start, .)
 *(SORT(.init_array.*))
 .init_array.00000
                0x200009b8        0x4 c:/maxim/toolchain/bin/../lib/gcc/arm-none-eabi/6.3.1/../../../../arm-none-eabi/lib/thumb/v7e-m/fpv4-sp/hard\libc.a(lib_a-__call_atexit.o)
 *(.init_array)
 .init_array    0x200009bc        0x4 c:/maxim/toolchain/bin/../lib/gcc/arm-none-eabi/6.3.1/thumb/v7e-m/fpv4-sp/hard/crtbegin.o
                0x200009c0                PROVIDE (__init_array_end, .)
                0x200009c0                . = ALIGN (0x4)
                0x200009c0                PROVIDE (__fini_array_start, .)
 *(SORT(.fini_array.*))
 *(.fini_array)
 .fini_array    0x200009c0        0x4 c:/maxim/toolchain/bin/../lib/gcc/arm-none-eabi/6.3.1/thumb/v7e-m/fpv4-sp/hard/crtbegin.o
                0x200009c4                PROVIDE (__fini_array_end, .)
                0x200009c4                _edata = ALIGN (., 0x4)
                0x00007c58                __load_data = LOADADDR (.data)

.jcr            0x200009c4        0x0 load address 0x0000861c
 .jcr           0x200009c4        0x0 c:/maxim/toolchain/bin/../lib/gcc/arm-none-eabi/6.3.1/thumb/v7e-m/fpv4-sp/hard/crtbegin.o

.igot.plt       0x200009c4        0x0 load address 0x0000861c
 .igot.plt      0x200009c4        0x0 c:/maxim/toolchain/bin/../lib/gcc/arm-none-eabi/6.3.1/thumb/v7e-m/fpv4-sp/hard/crtbegin.o

.bss            0x200009c8      0x120 load address 0x0000861c
                0x200009c8                . = ALIGN (0x4)
                0x200009c8                _bss = .
 *(.bss*)
 .bss           0x200009c8       0x1c c:/maxim/toolchain/bin/../lib/gcc/arm-none-eabi/6.3.1/thumb/v7e-m/fpv4-sp/hard/crtbegin.o
 .bss.heap_end  0x200009e4        0x4 c:/Users/scott/OneDrive/Desktop/RLPVSLI/UART/build/heap.o
 .bss.rx_states
                0x200009e8        0x8 c:/Users/scott/OneDrive/Desktop/RLPVSLI/UART/build/PeriphDriver/PeriphDriver.a(uart.o)
 .bss.tx_states
                0x200009f0        0x8 c:/Users/scott/OneDrive/Desktop/RLPVSLI/UART/build/PeriphDriver/PeriphDriver.a(uart.o)
 .bss.callback  0x200009f8       0x38 c:/Users/scott/OneDrive/Desktop/RLPVSLI/UART/build/PeriphDriver/PeriphDriver.a(gpio.o)
 .bss.cbparam   0x20000a30       0x38 c:/Users/scott/OneDrive/Desktop/RLPVSLI/UART/build/PeriphDriver/PeriphDriver.a(gpio.o)
 .bss.compare_value
                0x20000a68        0x8 c:/Users/scott/OneDrive/Desktop/RLPVSLI/UART/build/PeriphDriver/PeriphDriver.a(mxc_delay.o)
 .bss.ctrl_save
                0x20000a70        0x4 c:/Users/scott/OneDrive/Desktop/RLPVSLI/UART/build/PeriphDriver/PeriphDriver.a(mxc_delay.o)
 *fill*         0x20000a74        0x4 
 .bss.curr_value
                0x20000a78        0x8 c:/Users/scott/OneDrive/Desktop/RLPVSLI/UART/build/PeriphDriver/PeriphDriver.a(mxc_delay.o)
 .bss.reload    0x20000a80        0x4 c:/Users/scott/OneDrive/Desktop/RLPVSLI/UART/build/PeriphDriver/PeriphDriver.a(mxc_delay.o)
 .bss.__malloc_current_mallinfo
                0x20000a84       0x28 c:/maxim/toolchain/bin/../lib/gcc/arm-none-eabi/6.3.1/../../../../arm-none-eabi/lib/thumb/v7e-m/fpv4-sp/hard\libc.a(lib_a-mallocr.o)
                0x20000a84                __malloc_current_mallinfo
 .bss.__malloc_max_sbrked_mem
                0x20000aac        0x4 c:/maxim/toolchain/bin/../lib/gcc/arm-none-eabi/6.3.1/../../../../arm-none-eabi/lib/thumb/v7e-m/fpv4-sp/hard\libc.a(lib_a-mallocr.o)
                0x20000aac                __malloc_max_sbrked_mem
 .bss.__malloc_max_total_mem
                0x20000ab0        0x4 c:/maxim/toolchain/bin/../lib/gcc/arm-none-eabi/6.3.1/../../../../arm-none-eabi/lib/thumb/v7e-m/fpv4-sp/hard\libc.a(lib_a-mallocr.o)
                0x20000ab0                __malloc_max_total_mem
 .bss.__malloc_top_pad
                0x20000ab4        0x4 c:/maxim/toolchain/bin/../lib/gcc/arm-none-eabi/6.3.1/../../../../arm-none-eabi/lib/thumb/v7e-m/fpv4-sp/hard\libc.a(lib_a-mallocr.o)
                0x20000ab4                __malloc_top_pad
 *(COMMON)
 COMMON         0x20000ab8        0x8 c:/Users/scott/OneDrive/Desktop/RLPVSLI/UART/build/main.o
                0x20000ab8                write_flag
                0x20000abc                read_flag
 COMMON         0x20000ac0       0x21 c:/maxim/toolchain/bin/../lib/gcc/arm-none-eabi/6.3.1/../../../../arm-none-eabi/lib/thumb/v7e-m/fpv4-sp/hard\libc.a(lib_a-lock.o)
                0x20000ac0                __lock___atexit_recursive_mutex
                0x20000ac4                __lock___arc4random_mutex
                0x20000ac8                __lock___env_recursive_mutex
                0x20000acc                __lock___sinit_recursive_mutex
                0x20000ad0                __lock___malloc_recursive_mutex
                0x20000ad4                __lock___at_quick_exit_mutex
                0x20000ad8                __lock___dd_hash_mutex
                0x20000adc                __lock___tz_mutex
                0x20000ae0                __lock___sfp_recursive_mutex
 *fill*         0x20000ae1        0x3 
 COMMON         0x20000ae4        0x4 c:/maxim/toolchain/bin/../lib/gcc/arm-none-eabi/6.3.1/../../../../arm-none-eabi/lib/thumb/v7e-m/fpv4-sp/hard\libc.a(lib_a-reent.o)
                0x20000ae4                errno
                0x20000ae8                _ebss = ALIGN (., 0x4)
                0x20018000                __StackTop = (ORIGIN (SRAM) + LENGTH (SRAM))
                0x20017000                __StackLimit = (__StackTop - SIZEOF (.stack_dummy))

.stack_dummy    0x20000ae8     0x1000 load address 0x0000861c
 *(.stack*)
 .stack         0x20000ae8     0x1000 c:/Users/scott/OneDrive/Desktop/RLPVSLI/UART/build/startup_max32660.o

.heap           0x20000ae8      0xc00 load address 0x0000861c
                0x20000ae8                . = ALIGN (0x4)
 *(.heap*)
 .heap          0x20000ae8      0xc00 c:/Users/scott/OneDrive/Desktop/RLPVSLI/UART/build/startup_max32660.o
                0x20000ae8                __HeapBase
                0x20017000                __HeapLimit = ABSOLUTE (__StackLimit)
                0x20018000                PROVIDE (__stack, __StackTop)
                0x00000001                ASSERT ((__StackLimit >= _ebss), region RAM overflowed with stack)
OUTPUT(c:/Users/scott/OneDrive/Desktop/RLPVSLI/UART/build/max32660.elf elf32-littlearm)

.ARM.attributes
                0x00000000       0x30
 .ARM.attributes
                0x00000000       0x22 c:/maxim/toolchain/bin/../lib/gcc/arm-none-eabi/6.3.1/thumb/v7e-m/fpv4-sp/hard/crti.o
 .ARM.attributes
                0x00000022       0x34 c:/maxim/toolchain/bin/../lib/gcc/arm-none-eabi/6.3.1/thumb/v7e-m/fpv4-sp/hard/crtbegin.o
 .ARM.attributes
                0x00000056       0x39 c:/Users/scott/OneDrive/Desktop/RLPVSLI/UART/build/main.o
 .ARM.attributes
                0x0000008f       0x39 c:/Users/scott/OneDrive/Desktop/RLPVSLI/UART/build/board.o
 .ARM.attributes
                0x000000c8       0x39 c:/Users/scott/OneDrive/Desktop/RLPVSLI/UART/build/stdio.o
 .ARM.attributes
                0x00000101       0x39 c:/Users/scott/OneDrive/Desktop/RLPVSLI/UART/build/led.o
 .ARM.attributes
                0x0000013a       0x39 c:/Users/scott/OneDrive/Desktop/RLPVSLI/UART/build/pb.o
 .ARM.attributes
                0x00000173       0x1b c:/Users/scott/OneDrive/Desktop/RLPVSLI/UART/build/startup_max32660.o
 .ARM.attributes
                0x0000018e       0x39 c:/Users/scott/OneDrive/Desktop/RLPVSLI/UART/build/heap.o
 .ARM.attributes
                0x000001c7       0x39 c:/Users/scott/OneDrive/Desktop/RLPVSLI/UART/build/system_max32660.o
 .ARM.attributes
                0x00000200       0x39 c:/Users/scott/OneDrive/Desktop/RLPVSLI/UART/build/PeriphDriver/PeriphDriver.a(uart.o)
 .ARM.attributes
                0x00000239       0x39 c:/Users/scott/OneDrive/Desktop/RLPVSLI/UART/build/PeriphDriver/PeriphDriver.a(gpio.o)
 .ARM.attributes
                0x00000272       0x39 c:/Users/scott/OneDrive/Desktop/RLPVSLI/UART/build/PeriphDriver/PeriphDriver.a(mxc_delay.o)
 .ARM.attributes
                0x000002ab       0x39 c:/Users/scott/OneDrive/Desktop/RLPVSLI/UART/build/PeriphDriver/PeriphDriver.a(mxc_lock.o)
 .ARM.attributes
                0x000002e4       0x39 c:/Users/scott/OneDrive/Desktop/RLPVSLI/UART/build/PeriphDriver/PeriphDriver.a(mxc_sys.o)
 .ARM.attributes
                0x0000031d       0x39 c:/Users/scott/OneDrive/Desktop/RLPVSLI/UART/build/PeriphDriver/PeriphDriver.a(mxc_pins.o)
 .ARM.attributes
                0x00000356       0x34 c:/maxim/toolchain/bin/../lib/gcc/arm-none-eabi/6.3.1/../../../../arm-none-eabi/lib/thumb/v7e-m/fpv4-sp/hard\libc.a(lib_a-errno.o)
 .ARM.attributes
                0x0000038a       0x34 c:/maxim/toolchain/bin/../lib/gcc/arm-none-eabi/6.3.1/../../../../arm-none-eabi/lib/thumb/v7e-m/fpv4-sp/hard\libc.a(lib_a-impure.o)
 .ARM.attributes
                0x000003be       0x34 c:/maxim/toolchain/bin/../lib/gcc/arm-none-eabi/6.3.1/../../../../arm-none-eabi/lib/thumb/v7e-m/fpv4-sp/hard\libc.a(lib_a-init.o)
 .ARM.attributes
                0x000003f2       0x20 c:/maxim/toolchain/bin/../lib/gcc/arm-none-eabi/6.3.1/../../../../arm-none-eabi/lib/thumb/v7e-m/fpv4-sp/hard\libc.a(lib_a-memcpy.o)
 .ARM.attributes
                0x00000412       0x34 c:/maxim/toolchain/bin/../lib/gcc/arm-none-eabi/6.3.1/../../../../arm-none-eabi/lib/thumb/v7e-m/fpv4-sp/hard\libc.a(lib_a-memset.o)
 .ARM.attributes
                0x00000446       0x34 c:/maxim/toolchain/bin/../lib/gcc/arm-none-eabi/6.3.1/../../../../arm-none-eabi/lib/thumb/v7e-m/fpv4-sp/hard\libc.a(lib_a-printf.o)
 .ARM.attributes
                0x0000047a       0x34 c:/maxim/toolchain/bin/../lib/gcc/arm-none-eabi/6.3.1/../../../../arm-none-eabi/lib/thumb/v7e-m/fpv4-sp/hard\libc.a(lib_a-putchar.o)
 .ARM.attributes
                0x000004ae       0x34 c:/maxim/toolchain/bin/../lib/gcc/arm-none-eabi/6.3.1/../../../../arm-none-eabi/lib/thumb/v7e-m/fpv4-sp/hard\libc.a(lib_a-puts.o)
 .ARM.attributes
                0x000004e2       0x20 c:/maxim/toolchain/bin/../lib/gcc/arm-none-eabi/6.3.1/../../../../arm-none-eabi/lib/thumb/v7e-m/fpv4-sp/hard\libc.a(lib_a-strlen.o)
 .ARM.attributes
                0x00000502       0x34 c:/maxim/toolchain/bin/../lib/gcc/arm-none-eabi/6.3.1/../../../../arm-none-eabi/lib/thumb/v7e-m/fpv4-sp/hard\libc.a(lib_a-vfprintf.o)
 .ARM.attributes
                0x00000536       0x34 c:/maxim/toolchain/bin/../lib/gcc/arm-none-eabi/6.3.1/../../../../arm-none-eabi/lib/thumb/v7e-m/fpv4-sp/hard\libc.a(lib_a-wsetup.o)
 .ARM.attributes
                0x0000056a       0x34 c:/maxim/toolchain/bin/../lib/gcc/arm-none-eabi/6.3.1/../../../../arm-none-eabi/lib/thumb/v7e-m/fpv4-sp/hard\libc.a(lib_a-__call_atexit.o)
 .ARM.attributes
                0x0000059e       0x34 c:/maxim/toolchain/bin/../lib/gcc/arm-none-eabi/6.3.1/../../../../arm-none-eabi/lib/thumb/v7e-m/fpv4-sp/hard\libc.a(lib_a-atexit.o)
 .ARM.attributes
                0x000005d2       0x34 c:/maxim/toolchain/bin/../lib/gcc/arm-none-eabi/6.3.1/../../../../arm-none-eabi/lib/thumb/v7e-m/fpv4-sp/hard\libc.a(lib_a-dtoa.o)
 .ARM.attributes
                0x00000606       0x34 c:/maxim/toolchain/bin/../lib/gcc/arm-none-eabi/6.3.1/../../../../arm-none-eabi/lib/thumb/v7e-m/fpv4-sp/hard\libc.a(lib_a-fflush.o)
 .ARM.attributes
                0x0000063a       0x34 c:/maxim/toolchain/bin/../lib/gcc/arm-none-eabi/6.3.1/../../../../arm-none-eabi/lib/thumb/v7e-m/fpv4-sp/hard\libc.a(lib_a-findfp.o)
 .ARM.attributes
                0x0000066e       0x34 c:/maxim/toolchain/bin/../lib/gcc/arm-none-eabi/6.3.1/../../../../arm-none-eabi/lib/thumb/v7e-m/fpv4-sp/hard\libc.a(lib_a-fini.o)
 .ARM.attributes
                0x000006a2       0x34 c:/maxim/toolchain/bin/../lib/gcc/arm-none-eabi/6.3.1/../../../../arm-none-eabi/lib/thumb/v7e-m/fpv4-sp/hard\libc.a(lib_a-freer.o)
 .ARM.attributes
                0x000006d6       0x34 c:/maxim/toolchain/bin/../lib/gcc/arm-none-eabi/6.3.1/../../../../arm-none-eabi/lib/thumb/v7e-m/fpv4-sp/hard\libc.a(lib_a-fvwrite.o)
 .ARM.attributes
                0x0000070a       0x34 c:/maxim/toolchain/bin/../lib/gcc/arm-none-eabi/6.3.1/../../../../arm-none-eabi/lib/thumb/v7e-m/fpv4-sp/hard\libc.a(lib_a-fwalk.o)
 .ARM.attributes
                0x0000073e       0x34 c:/maxim/toolchain/bin/../lib/gcc/arm-none-eabi/6.3.1/../../../../arm-none-eabi/lib/thumb/v7e-m/fpv4-sp/hard\libc.a(lib_a-localeconv.o)
 .ARM.attributes
                0x00000772       0x34 c:/maxim/toolchain/bin/../lib/gcc/arm-none-eabi/6.3.1/../../../../arm-none-eabi/lib/thumb/v7e-m/fpv4-sp/hard\libc.a(lib_a-lock.o)
 .ARM.attributes
                0x000007a6       0x34 c:/maxim/toolchain/bin/../lib/gcc/arm-none-eabi/6.3.1/../../../../arm-none-eabi/lib/thumb/v7e-m/fpv4-sp/hard\libc.a(lib_a-makebuf.o)
 .ARM.attributes
                0x000007da       0x34 c:/maxim/toolchain/bin/../lib/gcc/arm-none-eabi/6.3.1/../../../../arm-none-eabi/lib/thumb/v7e-m/fpv4-sp/hard\libc.a(lib_a-mallocr.o)
 .ARM.attributes
                0x0000080e       0x20 c:/maxim/toolchain/bin/../lib/gcc/arm-none-eabi/6.3.1/../../../../arm-none-eabi/lib/thumb/v7e-m/fpv4-sp/hard\libc.a(lib_a-memchr.o)
 .ARM.attributes
                0x0000082e       0x34 c:/maxim/toolchain/bin/../lib/gcc/arm-none-eabi/6.3.1/../../../../arm-none-eabi/lib/thumb/v7e-m/fpv4-sp/hard\libc.a(lib_a-memmove.o)
 .ARM.attributes
                0x00000862       0x34 c:/maxim/toolchain/bin/../lib/gcc/arm-none-eabi/6.3.1/../../../../arm-none-eabi/lib/thumb/v7e-m/fpv4-sp/hard\libc.a(lib_a-mlock.o)
 .ARM.attributes
                0x00000896       0x34 c:/maxim/toolchain/bin/../lib/gcc/arm-none-eabi/6.3.1/../../../../arm-none-eabi/lib/thumb/v7e-m/fpv4-sp/hard\libc.a(lib_a-mprec.o)
 .ARM.attributes
                0x000008ca       0x34 c:/maxim/toolchain/bin/../lib/gcc/arm-none-eabi/6.3.1/../../../../arm-none-eabi/lib/thumb/v7e-m/fpv4-sp/hard\libc.a(lib_a-putc.o)
 .ARM.attributes
                0x000008fe       0x34 c:/maxim/toolchain/bin/../lib/gcc/arm-none-eabi/6.3.1/../../../../arm-none-eabi/lib/thumb/v7e-m/fpv4-sp/hard\libc.a(lib_a-reallocr.o)
 .ARM.attributes
                0x00000932       0x34 c:/maxim/toolchain/bin/../lib/gcc/arm-none-eabi/6.3.1/../../../../arm-none-eabi/lib/thumb/v7e-m/fpv4-sp/hard\libc.a(lib_a-sbrkr.o)
 .ARM.attributes
                0x00000966       0x34 c:/maxim/toolchain/bin/../lib/gcc/arm-none-eabi/6.3.1/../../../../arm-none-eabi/lib/thumb/v7e-m/fpv4-sp/hard\libc.a(lib_a-stdio.o)
 .ARM.attributes
                0x0000099a       0x34 c:/maxim/toolchain/bin/../lib/gcc/arm-none-eabi/6.3.1/../../../../arm-none-eabi/lib/thumb/v7e-m/fpv4-sp/hard\libc.a(lib_a-vfiprintf.o)
 .ARM.attributes
                0x000009ce       0x34 c:/maxim/toolchain/bin/../lib/gcc/arm-none-eabi/6.3.1/../../../../arm-none-eabi/lib/thumb/v7e-m/fpv4-sp/hard\libc.a(lib_a-wbuf.o)
 .ARM.attributes
                0x00000a02       0x34 c:/maxim/toolchain/bin/../lib/gcc/arm-none-eabi/6.3.1/../../../../arm-none-eabi/lib/thumb/v7e-m/fpv4-sp/hard\libc.a(lib_a-writer.o)
 .ARM.attributes
                0x00000a36       0x34 c:/maxim/toolchain/bin/../lib/gcc/arm-none-eabi/6.3.1/../../../../arm-none-eabi/lib/thumb/v7e-m/fpv4-sp/hard\libc.a(lib_a-__atexit.o)
 .ARM.attributes
                0x00000a6a       0x34 c:/maxim/toolchain/bin/../lib/gcc/arm-none-eabi/6.3.1/../../../../arm-none-eabi/lib/thumb/v7e-m/fpv4-sp/hard\libc.a(lib_a-callocr.o)
 .ARM.attributes
                0x00000a9e       0x34 c:/maxim/toolchain/bin/../lib/gcc/arm-none-eabi/6.3.1/../../../../arm-none-eabi/lib/thumb/v7e-m/fpv4-sp/hard\libc.a(lib_a-closer.o)
 .ARM.attributes
                0x00000ad2       0x34 c:/maxim/toolchain/bin/../lib/gcc/arm-none-eabi/6.3.1/../../../../arm-none-eabi/lib/thumb/v7e-m/fpv4-sp/hard\libc.a(lib_a-fclose.o)
 .ARM.attributes
                0x00000b06       0x34 c:/maxim/toolchain/bin/../lib/gcc/arm-none-eabi/6.3.1/../../../../arm-none-eabi/lib/thumb/v7e-m/fpv4-sp/hard\libc.a(lib_a-fputwc.o)
 .ARM.attributes
                0x00000b3a       0x34 c:/maxim/toolchain/bin/../lib/gcc/arm-none-eabi/6.3.1/../../../../arm-none-eabi/lib/thumb/v7e-m/fpv4-sp/hard\libc.a(lib_a-fstatr.o)
 .ARM.attributes
                0x00000b6e       0x34 c:/maxim/toolchain/bin/../lib/gcc/arm-none-eabi/6.3.1/../../../../arm-none-eabi/lib/thumb/v7e-m/fpv4-sp/hard\libc.a(lib_a-isattyr.o)
 .ARM.attributes
                0x00000ba2       0x34 c:/maxim/toolchain/bin/../lib/gcc/arm-none-eabi/6.3.1/../../../../arm-none-eabi/lib/thumb/v7e-m/fpv4-sp/hard\libc.a(lib_a-locale.o)
 .ARM.attributes
                0x00000bd6       0x34 c:/maxim/toolchain/bin/../lib/gcc/arm-none-eabi/6.3.1/../../../../arm-none-eabi/lib/thumb/v7e-m/fpv4-sp/hard\libc.a(lib_a-lseekr.o)
 .ARM.attributes
                0x00000c0a       0x34 c:/maxim/toolchain/bin/../lib/gcc/arm-none-eabi/6.3.1/../../../../arm-none-eabi/lib/thumb/v7e-m/fpv4-sp/hard\libc.a(lib_a-mbtowc_r.o)
 .ARM.attributes
                0x00000c3e       0x34 c:/maxim/toolchain/bin/../lib/gcc/arm-none-eabi/6.3.1/../../../../arm-none-eabi/lib/thumb/v7e-m/fpv4-sp/hard\libc.a(lib_a-readr.o)
 .ARM.attributes
                0x00000c72       0x34 c:/maxim/toolchain/bin/../lib/gcc/arm-none-eabi/6.3.1/../../../../arm-none-eabi/lib/thumb/v7e-m/fpv4-sp/hard\libc.a(lib_a-reent.o)
 .ARM.attributes
                0x00000ca6       0x34 c:/maxim/toolchain/bin/../lib/gcc/arm-none-eabi/6.3.1/../../../../arm-none-eabi/lib/thumb/v7e-m/fpv4-sp/hard\libc.a(lib_a-wcrtomb.o)
 .ARM.attributes
                0x00000cda       0x34 c:/maxim/toolchain/bin/../lib/gcc/arm-none-eabi/6.3.1/../../../../arm-none-eabi/lib/thumb/v7e-m/fpv4-sp/hard\libc.a(lib_a-wctomb_r.o)
 .ARM.attributes
                0x00000d0e       0x34 c:/maxim/toolchain/bin/../lib/gcc/arm-none-eabi/6.3.1/../../../../arm-none-eabi/lib/thumb/v7e-m/fpv4-sp/hard\libc.a(lib_a-ctype_.o)
 .ARM.attributes
                0x00000d42       0x22 c:/maxim/toolchain/bin/../lib/gcc/arm-none-eabi/6.3.1/thumb/v7e-m/fpv4-sp/hard\libgcc.a(_arm_addsubdf3.o)
 .ARM.attributes
                0x00000d64       0x22 c:/maxim/toolchain/bin/../lib/gcc/arm-none-eabi/6.3.1/thumb/v7e-m/fpv4-sp/hard\libgcc.a(_arm_muldivdf3.o)
 .ARM.attributes
                0x00000d86       0x22 c:/maxim/toolchain/bin/../lib/gcc/arm-none-eabi/6.3.1/thumb/v7e-m/fpv4-sp/hard\libgcc.a(_arm_cmpdf2.o)
 .ARM.attributes
                0x00000da8       0x22 c:/maxim/toolchain/bin/../lib/gcc/arm-none-eabi/6.3.1/thumb/v7e-m/fpv4-sp/hard\libgcc.a(_arm_unorddf2.o)
 .ARM.attributes
                0x00000dca       0x22 c:/maxim/toolchain/bin/../lib/gcc/arm-none-eabi/6.3.1/thumb/v7e-m/fpv4-sp/hard\libgcc.a(_arm_fixdfsi.o)
 .ARM.attributes
                0x00000dec       0x22 c:/maxim/toolchain/bin/../lib/gcc/arm-none-eabi/6.3.1/thumb/v7e-m/fpv4-sp/hard\libgcc.a(_aeabi_uldivmod.o)
 .ARM.attributes
                0x00000e0e       0x34 c:/maxim/toolchain/bin/../lib/gcc/arm-none-eabi/6.3.1/thumb/v7e-m/fpv4-sp/hard\libgcc.a(_udivmoddi4.o)
 .ARM.attributes
                0x00000e42       0x22 c:/maxim/toolchain/bin/../lib/gcc/arm-none-eabi/6.3.1/thumb/v7e-m/fpv4-sp/hard\libgcc.a(_dvmd_tls.o)
 .ARM.attributes
                0x00000e64       0x34 c:/maxim/toolchain/bin/../lib/gcc/arm-none-eabi/6.3.1/thumb/v7e-m/fpv4-sp/hard/crtend.o
 .ARM.attributes
                0x00000e98       0x22 c:/maxim/toolchain/bin/../lib/gcc/arm-none-eabi/6.3.1/thumb/v7e-m/fpv4-sp/hard/crtn.o

.comment        0x00000000       0x7f
 .comment       0x00000000       0x7f c:/Users/scott/OneDrive/Desktop/RLPVSLI/UART/build/main.o
                                 0x80 (size before relaxing)
 .comment       0x0000007f       0x80 c:/Users/scott/OneDrive/Desktop/RLPVSLI/UART/build/board.o
 .comment       0x0000007f       0x80 c:/Users/scott/OneDrive/Desktop/RLPVSLI/UART/build/stdio.o
 .comment       0x0000007f       0x80 c:/Users/scott/OneDrive/Desktop/RLPVSLI/UART/build/led.o
 .comment       0x0000007f       0x80 c:/Users/scott/OneDrive/Desktop/RLPVSLI/UART/build/pb.o
 .comment       0x0000007f       0x80 c:/Users/scott/OneDrive/Desktop/RLPVSLI/UART/build/heap.o
 .comment       0x0000007f       0x80 c:/Users/scott/OneDrive/Desktop/RLPVSLI/UART/build/system_max32660.o
 .comment       0x0000007f       0x80 c:/Users/scott/OneDrive/Desktop/RLPVSLI/UART/build/PeriphDriver/PeriphDriver.a(uart.o)
 .comment       0x0000007f       0x80 c:/Users/scott/OneDrive/Desktop/RLPVSLI/UART/build/PeriphDriver/PeriphDriver.a(gpio.o)
 .comment       0x0000007f       0x80 c:/Users/scott/OneDrive/Desktop/RLPVSLI/UART/build/PeriphDriver/PeriphDriver.a(mxc_delay.o)
 .comment       0x0000007f       0x80 c:/Users/scott/OneDrive/Desktop/RLPVSLI/UART/build/PeriphDriver/PeriphDriver.a(mxc_lock.o)
 .comment       0x0000007f       0x80 c:/Users/scott/OneDrive/Desktop/RLPVSLI/UART/build/PeriphDriver/PeriphDriver.a(mxc_sys.o)
 .comment       0x0000007f       0x80 c:/Users/scott/OneDrive/Desktop/RLPVSLI/UART/build/PeriphDriver/PeriphDriver.a(mxc_pins.o)

.debug_info     0x00000000     0xb003
 .debug_info    0x00000000     0x1706 c:/Users/scott/OneDrive/Desktop/RLPVSLI/UART/build/main.o
 .debug_info    0x00001706     0x11cf c:/Users/scott/OneDrive/Desktop/RLPVSLI/UART/build/board.o
 .debug_info    0x000028d5      0xfa5 c:/Users/scott/OneDrive/Desktop/RLPVSLI/UART/build/stdio.o
 .debug_info    0x0000387a      0xbfe c:/Users/scott/OneDrive/Desktop/RLPVSLI/UART/build/led.o
 .debug_info    0x00004478      0x8bb c:/Users/scott/OneDrive/Desktop/RLPVSLI/UART/build/pb.o
 .debug_info    0x00004d33      0x98d c:/Users/scott/OneDrive/Desktop/RLPVSLI/UART/build/heap.o
 .debug_info    0x000056c0     0x1094 c:/Users/scott/OneDrive/Desktop/RLPVSLI/UART/build/system_max32660.o
 .debug_info    0x00006754     0x17be c:/Users/scott/OneDrive/Desktop/RLPVSLI/UART/build/PeriphDriver/PeriphDriver.a(uart.o)
 .debug_info    0x00007f12      0x8c0 c:/Users/scott/OneDrive/Desktop/RLPVSLI/UART/build/PeriphDriver/PeriphDriver.a(gpio.o)
 .debug_info    0x000087d2      0x3f7 c:/Users/scott/OneDrive/Desktop/RLPVSLI/UART/build/PeriphDriver/PeriphDriver.a(mxc_delay.o)
 .debug_info    0x00008bc9      0x37b c:/Users/scott/OneDrive/Desktop/RLPVSLI/UART/build/PeriphDriver/PeriphDriver.a(mxc_lock.o)
 .debug_info    0x00008f44     0x1dce c:/Users/scott/OneDrive/Desktop/RLPVSLI/UART/build/PeriphDriver/PeriphDriver.a(mxc_sys.o)
 .debug_info    0x0000ad12      0x2f1 c:/Users/scott/OneDrive/Desktop/RLPVSLI/UART/build/PeriphDriver/PeriphDriver.a(mxc_pins.o)

.debug_abbrev   0x00000000     0x1ee6
 .debug_abbrev  0x00000000      0x34d c:/Users/scott/OneDrive/Desktop/RLPVSLI/UART/build/main.o
 .debug_abbrev  0x0000034d      0x2a9 c:/Users/scott/OneDrive/Desktop/RLPVSLI/UART/build/board.o
 .debug_abbrev  0x000005f6      0x263 c:/Users/scott/OneDrive/Desktop/RLPVSLI/UART/build/stdio.o
 .debug_abbrev  0x00000859      0x259 c:/Users/scott/OneDrive/Desktop/RLPVSLI/UART/build/led.o
 .debug_abbrev  0x00000ab2      0x234 c:/Users/scott/OneDrive/Desktop/RLPVSLI/UART/build/pb.o
 .debug_abbrev  0x00000ce6      0x1fa c:/Users/scott/OneDrive/Desktop/RLPVSLI/UART/build/heap.o
 .debug_abbrev  0x00000ee0      0x289 c:/Users/scott/OneDrive/Desktop/RLPVSLI/UART/build/system_max32660.o
 .debug_abbrev  0x00001169      0x3d0 c:/Users/scott/OneDrive/Desktop/RLPVSLI/UART/build/PeriphDriver/PeriphDriver.a(uart.o)
 .debug_abbrev  0x00001539      0x223 c:/Users/scott/OneDrive/Desktop/RLPVSLI/UART/build/PeriphDriver/PeriphDriver.a(gpio.o)
 .debug_abbrev  0x0000175c      0x19b c:/Users/scott/OneDrive/Desktop/RLPVSLI/UART/build/PeriphDriver/PeriphDriver.a(mxc_delay.o)
 .debug_abbrev  0x000018f7      0x17f c:/Users/scott/OneDrive/Desktop/RLPVSLI/UART/build/PeriphDriver/PeriphDriver.a(mxc_lock.o)
 .debug_abbrev  0x00001a76      0x3ba c:/Users/scott/OneDrive/Desktop/RLPVSLI/UART/build/PeriphDriver/PeriphDriver.a(mxc_sys.o)
 .debug_abbrev  0x00001e30       0xb6 c:/Users/scott/OneDrive/Desktop/RLPVSLI/UART/build/PeriphDriver/PeriphDriver.a(mxc_pins.o)

.debug_loc      0x00000000     0x281f
 .debug_loc     0x00000000      0x21a c:/Users/scott/OneDrive/Desktop/RLPVSLI/UART/build/main.o
 .debug_loc     0x0000021a       0xdb c:/Users/scott/OneDrive/Desktop/RLPVSLI/UART/build/board.o
 .debug_loc     0x000002f5      0x2e1 c:/Users/scott/OneDrive/Desktop/RLPVSLI/UART/build/stdio.o
 .debug_loc     0x000005d6      0x11c c:/Users/scott/OneDrive/Desktop/RLPVSLI/UART/build/led.o
 .debug_loc     0x000006f2      0x1e2 c:/Users/scott/OneDrive/Desktop/RLPVSLI/UART/build/pb.o
 .debug_loc     0x000008d4       0x63 c:/Users/scott/OneDrive/Desktop/RLPVSLI/UART/build/heap.o
 .debug_loc     0x00000937       0x83 c:/Users/scott/OneDrive/Desktop/RLPVSLI/UART/build/system_max32660.o
 .debug_loc     0x000009ba      0xcb0 c:/Users/scott/OneDrive/Desktop/RLPVSLI/UART/build/PeriphDriver/PeriphDriver.a(uart.o)
 .debug_loc     0x0000166a      0x392 c:/Users/scott/OneDrive/Desktop/RLPVSLI/UART/build/PeriphDriver/PeriphDriver.a(gpio.o)
 .debug_loc     0x000019fc      0x182 c:/Users/scott/OneDrive/Desktop/RLPVSLI/UART/build/PeriphDriver/PeriphDriver.a(mxc_delay.o)
 .debug_loc     0x00001b7e       0x73 c:/Users/scott/OneDrive/Desktop/RLPVSLI/UART/build/PeriphDriver/PeriphDriver.a(mxc_lock.o)
 .debug_loc     0x00001bf1      0xc2e c:/Users/scott/OneDrive/Desktop/RLPVSLI/UART/build/PeriphDriver/PeriphDriver.a(mxc_sys.o)

.debug_aranges  0x00000000      0x4c0
 .debug_aranges
                0x00000000       0x38 c:/Users/scott/OneDrive/Desktop/RLPVSLI/UART/build/main.o
 .debug_aranges
                0x00000038       0x40 c:/Users/scott/OneDrive/Desktop/RLPVSLI/UART/build/board.o
 .debug_aranges
                0x00000078       0x50 c:/Users/scott/OneDrive/Desktop/RLPVSLI/UART/build/stdio.o
 .debug_aranges
                0x000000c8       0x38 c:/Users/scott/OneDrive/Desktop/RLPVSLI/UART/build/led.o
 .debug_aranges
                0x00000100       0x50 c:/Users/scott/OneDrive/Desktop/RLPVSLI/UART/build/pb.o
 .debug_aranges
                0x00000150       0x20 c:/Users/scott/OneDrive/Desktop/RLPVSLI/UART/build/heap.o
 .debug_aranges
                0x00000170       0x38 c:/Users/scott/OneDrive/Desktop/RLPVSLI/UART/build/system_max32660.o
 .debug_aranges
                0x000001a8       0xc8 c:/Users/scott/OneDrive/Desktop/RLPVSLI/UART/build/PeriphDriver/PeriphDriver.a(uart.o)
 .debug_aranges
                0x00000270       0x90 c:/Users/scott/OneDrive/Desktop/RLPVSLI/UART/build/PeriphDriver/PeriphDriver.a(gpio.o)
 .debug_aranges
                0x00000300       0x50 c:/Users/scott/OneDrive/Desktop/RLPVSLI/UART/build/PeriphDriver/PeriphDriver.a(mxc_delay.o)
 .debug_aranges
                0x00000350       0x28 c:/Users/scott/OneDrive/Desktop/RLPVSLI/UART/build/PeriphDriver/PeriphDriver.a(mxc_lock.o)
 .debug_aranges
                0x00000378      0x130 c:/Users/scott/OneDrive/Desktop/RLPVSLI/UART/build/PeriphDriver/PeriphDriver.a(mxc_sys.o)
 .debug_aranges
                0x000004a8       0x18 c:/Users/scott/OneDrive/Desktop/RLPVSLI/UART/build/PeriphDriver/PeriphDriver.a(mxc_pins.o)

.debug_ranges   0x00000000      0x418
 .debug_ranges  0x00000000       0x58 c:/Users/scott/OneDrive/Desktop/RLPVSLI/UART/build/main.o
 .debug_ranges  0x00000058       0x30 c:/Users/scott/OneDrive/Desktop/RLPVSLI/UART/build/board.o
 .debug_ranges  0x00000088       0x40 c:/Users/scott/OneDrive/Desktop/RLPVSLI/UART/build/stdio.o
 .debug_ranges  0x000000c8       0x28 c:/Users/scott/OneDrive/Desktop/RLPVSLI/UART/build/led.o
 .debug_ranges  0x000000f0       0x40 c:/Users/scott/OneDrive/Desktop/RLPVSLI/UART/build/pb.o
 .debug_ranges  0x00000130       0x10 c:/Users/scott/OneDrive/Desktop/RLPVSLI/UART/build/heap.o
 .debug_ranges  0x00000140       0x28 c:/Users/scott/OneDrive/Desktop/RLPVSLI/UART/build/system_max32660.o
 .debug_ranges  0x00000168       0xb8 c:/Users/scott/OneDrive/Desktop/RLPVSLI/UART/build/PeriphDriver/PeriphDriver.a(uart.o)
 .debug_ranges  0x00000220       0x80 c:/Users/scott/OneDrive/Desktop/RLPVSLI/UART/build/PeriphDriver/PeriphDriver.a(gpio.o)
 .debug_ranges  0x000002a0       0x40 c:/Users/scott/OneDrive/Desktop/RLPVSLI/UART/build/PeriphDriver/PeriphDriver.a(mxc_delay.o)
 .debug_ranges  0x000002e0       0x18 c:/Users/scott/OneDrive/Desktop/RLPVSLI/UART/build/PeriphDriver/PeriphDriver.a(mxc_lock.o)
 .debug_ranges  0x000002f8      0x120 c:/Users/scott/OneDrive/Desktop/RLPVSLI/UART/build/PeriphDriver/PeriphDriver.a(mxc_sys.o)

.debug_macro    0x00000000     0xb326
 .debug_macro   0x00000000      0x2fc c:/Users/scott/OneDrive/Desktop/RLPVSLI/UART/build/main.o
 .debug_macro   0x000002fc      0x8bc c:/Users/scott/OneDrive/Desktop/RLPVSLI/UART/build/main.o
 .debug_macro   0x00000bb8       0x22 c:/Users/scott/OneDrive/Desktop/RLPVSLI/UART/build/main.o
 .debug_macro   0x00000bda       0x52 c:/Users/scott/OneDrive/Desktop/RLPVSLI/UART/build/main.o
 .debug_macro   0x00000c2c       0x8d c:/Users/scott/OneDrive/Desktop/RLPVSLI/UART/build/main.o
 .debug_macro   0x00000cb9       0x35 c:/Users/scott/OneDrive/Desktop/RLPVSLI/UART/build/main.o
 .debug_macro   0x00000cee       0x9c c:/Users/scott/OneDrive/Desktop/RLPVSLI/UART/build/main.o
 .debug_macro   0x00000d8a       0x16 c:/Users/scott/OneDrive/Desktop/RLPVSLI/UART/build/main.o
 .debug_macro   0x00000da0       0x57 c:/Users/scott/OneDrive/Desktop/RLPVSLI/UART/build/main.o
 .debug_macro   0x00000df7       0x97 c:/Users/scott/OneDrive/Desktop/RLPVSLI/UART/build/main.o
 .debug_macro   0x00000e8e      0x30d c:/Users/scott/OneDrive/Desktop/RLPVSLI/UART/build/main.o
 .debug_macro   0x0000119b       0xfd c:/Users/scott/OneDrive/Desktop/RLPVSLI/UART/build/main.o
 .debug_macro   0x00001298       0x10 c:/Users/scott/OneDrive/Desktop/RLPVSLI/UART/build/main.o
 .debug_macro   0x000012a8       0x58 c:/Users/scott/OneDrive/Desktop/RLPVSLI/UART/build/main.o
 .debug_macro   0x00001300       0x1f c:/Users/scott/OneDrive/Desktop/RLPVSLI/UART/build/main.o
 .debug_macro   0x0000131f       0x43 c:/Users/scott/OneDrive/Desktop/RLPVSLI/UART/build/main.o
 .debug_macro   0x00001362       0x20 c:/Users/scott/OneDrive/Desktop/RLPVSLI/UART/build/main.o
 .debug_macro   0x00001382      0x187 c:/Users/scott/OneDrive/Desktop/RLPVSLI/UART/build/main.o
 .debug_macro   0x00001509       0x10 c:/Users/scott/OneDrive/Desktop/RLPVSLI/UART/build/main.o
 .debug_macro   0x00001519       0x6a c:/Users/scott/OneDrive/Desktop/RLPVSLI/UART/build/main.o
 .debug_macro   0x00001583       0x1c c:/Users/scott/OneDrive/Desktop/RLPVSLI/UART/build/main.o
 .debug_macro   0x0000159f       0x52 c:/Users/scott/OneDrive/Desktop/RLPVSLI/UART/build/main.o
 .debug_macro   0x000015f1       0x40 c:/Users/scott/OneDrive/Desktop/RLPVSLI/UART/build/main.o
 .debug_macro   0x00001631       0x10 c:/Users/scott/OneDrive/Desktop/RLPVSLI/UART/build/main.o
 .debug_macro   0x00001641       0x40 c:/Users/scott/OneDrive/Desktop/RLPVSLI/UART/build/main.o
 .debug_macro   0x00001681       0xd7 c:/Users/scott/OneDrive/Desktop/RLPVSLI/UART/build/main.o
 .debug_macro   0x00001758       0x16 c:/Users/scott/OneDrive/Desktop/RLPVSLI/UART/build/main.o
 .debug_macro   0x0000176e      0x18b c:/Users/scott/OneDrive/Desktop/RLPVSLI/UART/build/main.o
 .debug_macro   0x000018f9       0xef c:/Users/scott/OneDrive/Desktop/RLPVSLI/UART/build/main.o
 .debug_macro   0x000019e8      0x1df c:/Users/scott/OneDrive/Desktop/RLPVSLI/UART/build/main.o
 .debug_macro   0x00001bc7       0x16 c:/Users/scott/OneDrive/Desktop/RLPVSLI/UART/build/main.o
 .debug_macro   0x00001bdd       0x35 c:/Users/scott/OneDrive/Desktop/RLPVSLI/UART/build/main.o
 .debug_macro   0x00001c12       0x4c c:/Users/scott/OneDrive/Desktop/RLPVSLI/UART/build/main.o
 .debug_macro   0x00001c5e       0x3b c:/Users/scott/OneDrive/Desktop/RLPVSLI/UART/build/main.o
 .debug_macro   0x00001c99       0x2d c:/Users/scott/OneDrive/Desktop/RLPVSLI/UART/build/main.o
 .debug_macro   0x00001cc6       0x42 c:/Users/scott/OneDrive/Desktop/RLPVSLI/UART/build/main.o
 .debug_macro   0x00001d08      0xd39 c:/Users/scott/OneDrive/Desktop/RLPVSLI/UART/build/main.o
 .debug_macro   0x00002a41       0x22 c:/Users/scott/OneDrive/Desktop/RLPVSLI/UART/build/main.o
 .debug_macro   0x00002a63      0x337 c:/Users/scott/OneDrive/Desktop/RLPVSLI/UART/build/main.o
 .debug_macro   0x00002d9a       0x28 c:/Users/scott/OneDrive/Desktop/RLPVSLI/UART/build/main.o
 .debug_macro   0x00002dc2       0x7c c:/Users/scott/OneDrive/Desktop/RLPVSLI/UART/build/main.o
 .debug_macro   0x00002e3e      0x4cb c:/Users/scott/OneDrive/Desktop/RLPVSLI/UART/build/main.o
 .debug_macro   0x00003309       0xe2 c:/Users/scott/OneDrive/Desktop/RLPVSLI/UART/build/main.o
 .debug_macro   0x000033eb      0x568 c:/Users/scott/OneDrive/Desktop/RLPVSLI/UART/build/main.o
 .debug_macro   0x00003953      0xd18 c:/Users/scott/OneDrive/Desktop/RLPVSLI/UART/build/main.o
 .debug_macro   0x0000466b      0xcd3 c:/Users/scott/OneDrive/Desktop/RLPVSLI/UART/build/main.o
 .debug_macro   0x0000533e      0x25c c:/Users/scott/OneDrive/Desktop/RLPVSLI/UART/build/main.o
 .debug_macro   0x0000559a       0xb6 c:/Users/scott/OneDrive/Desktop/RLPVSLI/UART/build/main.o
 .debug_macro   0x00005650      0x9d5 c:/Users/scott/OneDrive/Desktop/RLPVSLI/UART/build/main.o
 .debug_macro   0x00006025      0x77e c:/Users/scott/OneDrive/Desktop/RLPVSLI/UART/build/main.o
 .debug_macro   0x000067a3      0x240 c:/Users/scott/OneDrive/Desktop/RLPVSLI/UART/build/main.o
 .debug_macro   0x000069e3      0x618 c:/Users/scott/OneDrive/Desktop/RLPVSLI/UART/build/main.o
 .debug_macro   0x00006ffb       0x10 c:/Users/scott/OneDrive/Desktop/RLPVSLI/UART/build/main.o
 .debug_macro   0x0000700b      0x2dc c:/Users/scott/OneDrive/Desktop/RLPVSLI/UART/build/main.o
 .debug_macro   0x000072e7       0x22 c:/Users/scott/OneDrive/Desktop/RLPVSLI/UART/build/main.o
 .debug_macro   0x00007309      0x300 c:/Users/scott/OneDrive/Desktop/RLPVSLI/UART/build/board.o
 .debug_macro   0x00007609       0x10 c:/Users/scott/OneDrive/Desktop/RLPVSLI/UART/build/board.o
 .debug_macro   0x00007619       0x40 c:/Users/scott/OneDrive/Desktop/RLPVSLI/UART/build/board.o
 .debug_macro   0x00007659       0x16 c:/Users/scott/OneDrive/Desktop/RLPVSLI/UART/build/board.o
 .debug_macro   0x0000766f      0x30a c:/Users/scott/OneDrive/Desktop/RLPVSLI/UART/build/board.o
 .debug_macro   0x00007979      0x392 c:/Users/scott/OneDrive/Desktop/RLPVSLI/UART/build/stdio.o
 .debug_macro   0x00007d0b       0x10 c:/Users/scott/OneDrive/Desktop/RLPVSLI/UART/build/stdio.o
 .debug_macro   0x00007d1b      0x174 c:/Users/scott/OneDrive/Desktop/RLPVSLI/UART/build/stdio.o
 .debug_macro   0x00007e8f      0x23b c:/Users/scott/OneDrive/Desktop/RLPVSLI/UART/build/stdio.o
 .debug_macro   0x000080ca       0x16 c:/Users/scott/OneDrive/Desktop/RLPVSLI/UART/build/stdio.o
 .debug_macro   0x000080e0       0x16 c:/Users/scott/OneDrive/Desktop/RLPVSLI/UART/build/stdio.o
 .debug_macro   0x000080f6       0x29 c:/Users/scott/OneDrive/Desktop/RLPVSLI/UART/build/stdio.o
 .debug_macro   0x0000811f       0x16 c:/Users/scott/OneDrive/Desktop/RLPVSLI/UART/build/stdio.o
 .debug_macro   0x00008135      0x51a c:/Users/scott/OneDrive/Desktop/RLPVSLI/UART/build/stdio.o
 .debug_macro   0x0000864f       0x16 c:/Users/scott/OneDrive/Desktop/RLPVSLI/UART/build/stdio.o
 .debug_macro   0x00008665       0x10 c:/Users/scott/OneDrive/Desktop/RLPVSLI/UART/build/stdio.o
 .debug_macro   0x00008675       0x41 c:/Users/scott/OneDrive/Desktop/RLPVSLI/UART/build/stdio.o
 .debug_macro   0x000086b6      0x122 c:/Users/scott/OneDrive/Desktop/RLPVSLI/UART/build/stdio.o
 .debug_macro   0x000087d8      0x260 c:/Users/scott/OneDrive/Desktop/RLPVSLI/UART/build/led.o
 .debug_macro   0x00008a38       0x87 c:/Users/scott/OneDrive/Desktop/RLPVSLI/UART/build/led.o
 .debug_macro   0x00008abf       0x51 c:/Users/scott/OneDrive/Desktop/RLPVSLI/UART/build/led.o
 .debug_macro   0x00008b10       0x58 c:/Users/scott/OneDrive/Desktop/RLPVSLI/UART/build/led.o
 .debug_macro   0x00008b68      0x112 c:/Users/scott/OneDrive/Desktop/RLPVSLI/UART/build/pb.o
 .debug_macro   0x00008c7a      0x1a5 c:/Users/scott/OneDrive/Desktop/RLPVSLI/UART/build/heap.o
 .debug_macro   0x00008e1f      0x30f c:/Users/scott/OneDrive/Desktop/RLPVSLI/UART/build/system_max32660.o
 .debug_macro   0x0000912e       0x10 c:/Users/scott/OneDrive/Desktop/RLPVSLI/UART/build/system_max32660.o
 .debug_macro   0x0000913e       0x1c c:/Users/scott/OneDrive/Desktop/RLPVSLI/UART/build/system_max32660.o
 .debug_macro   0x0000915a      0xcd9 c:/Users/scott/OneDrive/Desktop/RLPVSLI/UART/build/system_max32660.o
 .debug_macro   0x00009e33      0x4c5 c:/Users/scott/OneDrive/Desktop/RLPVSLI/UART/build/system_max32660.o
 .debug_macro   0x0000a2f8      0x26d c:/Users/scott/OneDrive/Desktop/RLPVSLI/UART/build/PeriphDriver/PeriphDriver.a(uart.o)
 .debug_macro   0x0000a565      0x108 c:/Users/scott/OneDrive/Desktop/RLPVSLI/UART/build/PeriphDriver/PeriphDriver.a(gpio.o)
 .debug_macro   0x0000a66d       0xf6 c:/Users/scott/OneDrive/Desktop/RLPVSLI/UART/build/PeriphDriver/PeriphDriver.a(mxc_delay.o)
 .debug_macro   0x0000a763       0x1c c:/Users/scott/OneDrive/Desktop/RLPVSLI/UART/build/PeriphDriver/PeriphDriver.a(mxc_delay.o)
 .debug_macro   0x0000a77f      0x102 c:/Users/scott/OneDrive/Desktop/RLPVSLI/UART/build/PeriphDriver/PeriphDriver.a(mxc_lock.o)
 .debug_macro   0x0000a881      0x1bf c:/Users/scott/OneDrive/Desktop/RLPVSLI/UART/build/PeriphDriver/PeriphDriver.a(mxc_sys.o)
 .debug_macro   0x0000aa40      0x318 c:/Users/scott/OneDrive/Desktop/RLPVSLI/UART/build/PeriphDriver/PeriphDriver.a(mxc_sys.o)
 .debug_macro   0x0000ad58       0xf7 c:/Users/scott/OneDrive/Desktop/RLPVSLI/UART/build/PeriphDriver/PeriphDriver.a(mxc_pins.o)
 .debug_macro   0x0000ae4f      0x4d7 c:/Users/scott/OneDrive/Desktop/RLPVSLI/UART/build/PeriphDriver/PeriphDriver.a(mxc_pins.o)

.debug_line     0x00000000     0x401f
 .debug_line    0x00000000      0x5c9 c:/Users/scott/OneDrive/Desktop/RLPVSLI/UART/build/main.o
 .debug_line    0x000005c9      0x5ee c:/Users/scott/OneDrive/Desktop/RLPVSLI/UART/build/board.o
 .debug_line    0x00000bb7      0x662 c:/Users/scott/OneDrive/Desktop/RLPVSLI/UART/build/stdio.o
 .debug_line    0x00001219      0x518 c:/Users/scott/OneDrive/Desktop/RLPVSLI/UART/build/led.o
 .debug_line    0x00001731      0x412 c:/Users/scott/OneDrive/Desktop/RLPVSLI/UART/build/pb.o
 .debug_line    0x00001b43      0x2d6 c:/Users/scott/OneDrive/Desktop/RLPVSLI/UART/build/heap.o
 .debug_line    0x00001e19      0x5a6 c:/Users/scott/OneDrive/Desktop/RLPVSLI/UART/build/system_max32660.o
 .debug_line    0x000023bf      0x77e c:/Users/scott/OneDrive/Desktop/RLPVSLI/UART/build/PeriphDriver/PeriphDriver.a(uart.o)
 .debug_line    0x00002b3d      0x462 c:/Users/scott/OneDrive/Desktop/RLPVSLI/UART/build/PeriphDriver/PeriphDriver.a(gpio.o)
 .debug_line    0x00002f9f      0x35a c:/Users/scott/OneDrive/Desktop/RLPVSLI/UART/build/PeriphDriver/PeriphDriver.a(mxc_delay.o)
 .debug_line    0x000032f9      0x2fe c:/Users/scott/OneDrive/Desktop/RLPVSLI/UART/build/PeriphDriver/PeriphDriver.a(mxc_lock.o)
 .debug_line    0x000035f7      0x78d c:/Users/scott/OneDrive/Desktop/RLPVSLI/UART/build/PeriphDriver/PeriphDriver.a(mxc_sys.o)
 .debug_line    0x00003d84      0x29b c:/Users/scott/OneDrive/Desktop/RLPVSLI/UART/build/PeriphDriver/PeriphDriver.a(mxc_pins.o)

.debug_str      0x00000000    0x3d068
 .debug_str     0x00000000    0x363a4 c:/Users/scott/OneDrive/Desktop/RLPVSLI/UART/build/main.o
                              0x36654 (size before relaxing)
 .debug_str     0x000363a4     0x243a c:/Users/scott/OneDrive/Desktop/RLPVSLI/UART/build/board.o
                              0x3855e (size before relaxing)
 .debug_str     0x000387de     0x1c2b c:/Users/scott/OneDrive/Desktop/RLPVSLI/UART/build/stdio.o
                              0x37b1d (size before relaxing)
 .debug_str     0x0003a409       0x99 c:/Users/scott/OneDrive/Desktop/RLPVSLI/UART/build/led.o
                              0x11842 (size before relaxing)
 .debug_str     0x0003a4a2      0x172 c:/Users/scott/OneDrive/Desktop/RLPVSLI/UART/build/pb.o
                               0xdf0c (size before relaxing)
 .debug_str     0x0003a614       0x87 c:/Users/scott/OneDrive/Desktop/RLPVSLI/UART/build/heap.o
                               0x8277 (size before relaxing)
 .debug_str     0x0003a69b      0x21b c:/Users/scott/OneDrive/Desktop/RLPVSLI/UART/build/system_max32660.o
                              0x383bd (size before relaxing)
 .debug_str     0x0003a8b6      0x3f6 c:/Users/scott/OneDrive/Desktop/RLPVSLI/UART/build/PeriphDriver/PeriphDriver.a(uart.o)
                              0x35446 (size before relaxing)
 .debug_str     0x0003acac      0x186 c:/Users/scott/OneDrive/Desktop/RLPVSLI/UART/build/PeriphDriver/PeriphDriver.a(gpio.o)
                               0xdccf (size before relaxing)
 .debug_str     0x0003ae32      0x14f c:/Users/scott/OneDrive/Desktop/RLPVSLI/UART/build/PeriphDriver/PeriphDriver.a(mxc_delay.o)
                               0xd7be (size before relaxing)
 .debug_str     0x0003af81       0x51 c:/Users/scott/OneDrive/Desktop/RLPVSLI/UART/build/PeriphDriver/PeriphDriver.a(mxc_lock.o)
                               0xd6f1 (size before relaxing)
 .debug_str     0x0003afd2     0x2084 c:/Users/scott/OneDrive/Desktop/RLPVSLI/UART/build/PeriphDriver/PeriphDriver.a(mxc_sys.o)
                              0x36c92 (size before relaxing)
 .debug_str     0x0003d056       0x12 c:/Users/scott/OneDrive/Desktop/RLPVSLI/UART/build/PeriphDriver/PeriphDriver.a(mxc_pins.o)
                               0xd672 (size before relaxing)

.debug_frame    0x00000000     0x1e44
 .debug_frame   0x00000000       0x7c c:/Users/scott/OneDrive/Desktop/RLPVSLI/UART/build/main.o
 .debug_frame   0x0000007c       0x80 c:/Users/scott/OneDrive/Desktop/RLPVSLI/UART/build/board.o
 .debug_frame   0x000000fc       0xa0 c:/Users/scott/OneDrive/Desktop/RLPVSLI/UART/build/stdio.o
 .debug_frame   0x0000019c       0x78 c:/Users/scott/OneDrive/Desktop/RLPVSLI/UART/build/led.o
 .debug_frame   0x00000214       0xc8 c:/Users/scott/OneDrive/Desktop/RLPVSLI/UART/build/pb.o
 .debug_frame   0x000002dc       0x28 c:/Users/scott/OneDrive/Desktop/RLPVSLI/UART/build/heap.o
 .debug_frame   0x00000304       0x58 c:/Users/scott/OneDrive/Desktop/RLPVSLI/UART/build/system_max32660.o
 .debug_frame   0x0000035c      0x214 c:/Users/scott/OneDrive/Desktop/RLPVSLI/UART/build/PeriphDriver/PeriphDriver.a(uart.o)
 .debug_frame   0x00000570      0x130 c:/Users/scott/OneDrive/Desktop/RLPVSLI/UART/build/PeriphDriver/PeriphDriver.a(gpio.o)
 .debug_frame   0x000006a0       0xc0 c:/Users/scott/OneDrive/Desktop/RLPVSLI/UART/build/PeriphDriver/PeriphDriver.a(mxc_delay.o)
 .debug_frame   0x00000760       0x30 c:/Users/scott/OneDrive/Desktop/RLPVSLI/UART/build/PeriphDriver/PeriphDriver.a(mxc_lock.o)
 .debug_frame   0x00000790      0x348 c:/Users/scott/OneDrive/Desktop/RLPVSLI/UART/build/PeriphDriver/PeriphDriver.a(mxc_sys.o)
 .debug_frame   0x00000ad8       0x20 c:/maxim/toolchain/bin/../lib/gcc/arm-none-eabi/6.3.1/../../../../arm-none-eabi/lib/thumb/v7e-m/fpv4-sp/hard\libc.a(lib_a-errno.o)
 .debug_frame   0x00000af8       0x2c c:/maxim/toolchain/bin/../lib/gcc/arm-none-eabi/6.3.1/../../../../arm-none-eabi/lib/thumb/v7e-m/fpv4-sp/hard\libc.a(lib_a-init.o)
 .debug_frame   0x00000b24       0x34 c:/maxim/toolchain/bin/../lib/gcc/arm-none-eabi/6.3.1/../../../../arm-none-eabi/lib/thumb/v7e-m/fpv4-sp/hard\libc.a(lib_a-memset.o)
 .debug_frame   0x00000b58       0x74 c:/maxim/toolchain/bin/../lib/gcc/arm-none-eabi/6.3.1/../../../../arm-none-eabi/lib/thumb/v7e-m/fpv4-sp/hard\libc.a(lib_a-printf.o)
 .debug_frame   0x00000bcc       0x30 c:/maxim/toolchain/bin/../lib/gcc/arm-none-eabi/6.3.1/../../../../arm-none-eabi/lib/thumb/v7e-m/fpv4-sp/hard\libc.a(lib_a-putchar.o)
 .debug_frame   0x00000bfc       0x4c c:/maxim/toolchain/bin/../lib/gcc/arm-none-eabi/6.3.1/../../../../arm-none-eabi/lib/thumb/v7e-m/fpv4-sp/hard\libc.a(lib_a-puts.o)
 .debug_frame   0x00000c48       0x94 c:/maxim/toolchain/bin/../lib/gcc/arm-none-eabi/6.3.1/../../../../arm-none-eabi/lib/thumb/v7e-m/fpv4-sp/hard\libc.a(lib_a-vfprintf.o)
 .debug_frame   0x00000cdc       0x2c c:/maxim/toolchain/bin/../lib/gcc/arm-none-eabi/6.3.1/../../../../arm-none-eabi/lib/thumb/v7e-m/fpv4-sp/hard\libc.a(lib_a-wsetup.o)
 .debug_frame   0x00000d08       0x5c c:/maxim/toolchain/bin/../lib/gcc/arm-none-eabi/6.3.1/../../../../arm-none-eabi/lib/thumb/v7e-m/fpv4-sp/hard\libc.a(lib_a-__call_atexit.o)
 .debug_frame   0x00000d64       0x20 c:/maxim/toolchain/bin/../lib/gcc/arm-none-eabi/6.3.1/../../../../arm-none-eabi/lib/thumb/v7e-m/fpv4-sp/hard\libc.a(lib_a-atexit.o)
 .debug_frame   0x00000d84       0x88 c:/maxim/toolchain/bin/../lib/gcc/arm-none-eabi/6.3.1/../../../../arm-none-eabi/lib/thumb/v7e-m/fpv4-sp/hard\libc.a(lib_a-dtoa.o)
 .debug_frame   0x00000e0c       0x5c c:/maxim/toolchain/bin/../lib/gcc/arm-none-eabi/6.3.1/../../../../arm-none-eabi/lib/thumb/v7e-m/fpv4-sp/hard\libc.a(lib_a-fflush.o)
 .debug_frame   0x00000e68      0x148 c:/maxim/toolchain/bin/../lib/gcc/arm-none-eabi/6.3.1/../../../../arm-none-eabi/lib/thumb/v7e-m/fpv4-sp/hard\libc.a(lib_a-findfp.o)
 .debug_frame   0x00000fb0       0x34 c:/maxim/toolchain/bin/../lib/gcc/arm-none-eabi/6.3.1/../../../../arm-none-eabi/lib/thumb/v7e-m/fpv4-sp/hard\libc.a(lib_a-fini.o)
 .debug_frame   0x00000fe4       0x74 c:/maxim/toolchain/bin/../lib/gcc/arm-none-eabi/6.3.1/../../../../arm-none-eabi/lib/thumb/v7e-m/fpv4-sp/hard\libc.a(lib_a-freer.o)
 .debug_frame   0x00001058       0x68 c:/maxim/toolchain/bin/../lib/gcc/arm-none-eabi/6.3.1/../../../../arm-none-eabi/lib/thumb/v7e-m/fpv4-sp/hard\libc.a(lib_a-fvwrite.o)
 .debug_frame   0x000010c0       0x54 c:/maxim/toolchain/bin/../lib/gcc/arm-none-eabi/6.3.1/../../../../arm-none-eabi/lib/thumb/v7e-m/fpv4-sp/hard\libc.a(lib_a-fwalk.o)
 .debug_frame   0x00001114       0x40 c:/maxim/toolchain/bin/../lib/gcc/arm-none-eabi/6.3.1/../../../../arm-none-eabi/lib/thumb/v7e-m/fpv4-sp/hard\libc.a(lib_a-localeconv.o)
 .debug_frame   0x00001154       0xb0 c:/maxim/toolchain/bin/../lib/gcc/arm-none-eabi/6.3.1/../../../../arm-none-eabi/lib/thumb/v7e-m/fpv4-sp/hard\libc.a(lib_a-lock.o)
 .debug_frame   0x00001204       0x68 c:/maxim/toolchain/bin/../lib/gcc/arm-none-eabi/6.3.1/../../../../arm-none-eabi/lib/thumb/v7e-m/fpv4-sp/hard\libc.a(lib_a-makebuf.o)
 .debug_frame   0x0000126c       0x58 c:/maxim/toolchain/bin/../lib/gcc/arm-none-eabi/6.3.1/../../../../arm-none-eabi/lib/thumb/v7e-m/fpv4-sp/hard\libc.a(lib_a-mallocr.o)
 .debug_frame   0x000012c4       0x30 c:/maxim/toolchain/bin/../lib/gcc/arm-none-eabi/6.3.1/../../../../arm-none-eabi/lib/thumb/v7e-m/fpv4-sp/hard\libc.a(lib_a-memmove.o)
 .debug_frame   0x000012f4       0x30 c:/maxim/toolchain/bin/../lib/gcc/arm-none-eabi/6.3.1/../../../../arm-none-eabi/lib/thumb/v7e-m/fpv4-sp/hard\libc.a(lib_a-mlock.o)
 .debug_frame   0x00001324      0x25c c:/maxim/toolchain/bin/../lib/gcc/arm-none-eabi/6.3.1/../../../../arm-none-eabi/lib/thumb/v7e-m/fpv4-sp/hard\libc.a(lib_a-mprec.o)